Archive member included to satisfy reference by file (symbol)

/Applications/ArmGNUToolchain/12.3.rel1/arm-none-eabi/bin/../lib/gcc/arm-none-eabi/12.3.1/thumb/v6-m/nofp/libgcc.a(_dvmd_tls.o)
                              CMakeFiles/main.dir/Users/Nina/pico/pico-sdk/src/rp2_common/pico_divider/divider.S.obj (__aeabi_idiv0)
/Applications/ArmGNUToolchain/12.3.rel1/arm-none-eabi/bin/../lib/gcc/arm-none-eabi/12.3.1/../../../../arm-none-eabi/lib/thumb/v6-m/nofp/libg.a(libc_a-calloc.o)
                              CMakeFiles/main.dir/Users/Nina/pico/pico-sdk/src/rp2_common/pico_malloc/pico_malloc.c.obj (calloc)
/Applications/ArmGNUToolchain/12.3.rel1/arm-none-eabi/bin/../lib/gcc/arm-none-eabi/12.3.1/../../../../arm-none-eabi/lib/thumb/v6-m/nofp/libg.a(libc_a-callocr.o)
                              /Applications/ArmGNUToolchain/12.3.rel1/arm-none-eabi/bin/../lib/gcc/arm-none-eabi/12.3.1/../../../../arm-none-eabi/lib/thumb/v6-m/nofp/libg.a(libc_a-calloc.o) (_calloc_r)
/Applications/ArmGNUToolchain/12.3.rel1/arm-none-eabi/bin/../lib/gcc/arm-none-eabi/12.3.1/../../../../arm-none-eabi/lib/thumb/v6-m/nofp/libg.a(libc_a-malloc.o)
                              CMakeFiles/main.dir/Users/Nina/pico/pico-sdk/src/rp2_common/pico_malloc/pico_malloc.c.obj (malloc)
/Applications/ArmGNUToolchain/12.3.rel1/arm-none-eabi/bin/../lib/gcc/arm-none-eabi/12.3.1/../../../../arm-none-eabi/lib/thumb/v6-m/nofp/libg.a(libc_a-mallocr.o)
                              /Applications/ArmGNUToolchain/12.3.rel1/arm-none-eabi/bin/../lib/gcc/arm-none-eabi/12.3.1/../../../../arm-none-eabi/lib/thumb/v6-m/nofp/libg.a(libc_a-callocr.o) (_malloc_r)
/Applications/ArmGNUToolchain/12.3.rel1/arm-none-eabi/bin/../lib/gcc/arm-none-eabi/12.3.1/../../../../arm-none-eabi/lib/thumb/v6-m/nofp/libg.a(libc_a-mlock.o)
                              /Applications/ArmGNUToolchain/12.3.rel1/arm-none-eabi/bin/../lib/gcc/arm-none-eabi/12.3.1/../../../../arm-none-eabi/lib/thumb/v6-m/nofp/libg.a(libc_a-mallocr.o) (__malloc_lock)
/Applications/ArmGNUToolchain/12.3.rel1/arm-none-eabi/bin/../lib/gcc/arm-none-eabi/12.3.1/../../../../arm-none-eabi/lib/thumb/v6-m/nofp/libg.a(libc_a-realloc.o)
                              CMakeFiles/main.dir/Users/Nina/pico/pico-sdk/src/rp2_common/pico_malloc/pico_malloc.c.obj (realloc)
/Applications/ArmGNUToolchain/12.3.rel1/arm-none-eabi/bin/../lib/gcc/arm-none-eabi/12.3.1/../../../../arm-none-eabi/lib/thumb/v6-m/nofp/libg.a(libc_a-reallocr.o)
                              /Applications/ArmGNUToolchain/12.3.rel1/arm-none-eabi/bin/../lib/gcc/arm-none-eabi/12.3.1/../../../../arm-none-eabi/lib/thumb/v6-m/nofp/libg.a(libc_a-realloc.o) (_realloc_r)
/Applications/ArmGNUToolchain/12.3.rel1/arm-none-eabi/bin/../lib/gcc/arm-none-eabi/12.3.1/../../../../arm-none-eabi/lib/thumb/v6-m/nofp/libg.a(libc_a-memmove.o)
                              /Applications/ArmGNUToolchain/12.3.rel1/arm-none-eabi/bin/../lib/gcc/arm-none-eabi/12.3.1/../../../../arm-none-eabi/lib/thumb/v6-m/nofp/libg.a(libc_a-reallocr.o) (memmove)
/Applications/ArmGNUToolchain/12.3.rel1/arm-none-eabi/bin/../lib/gcc/arm-none-eabi/12.3.1/../../../../arm-none-eabi/lib/thumb/v6-m/nofp/libg.a(libc_a-impure.o)
                              /Applications/ArmGNUToolchain/12.3.rel1/arm-none-eabi/bin/../lib/gcc/arm-none-eabi/12.3.1/../../../../arm-none-eabi/lib/thumb/v6-m/nofp/libg.a(libc_a-calloc.o) (_impure_ptr)
/Applications/ArmGNUToolchain/12.3.rel1/arm-none-eabi/bin/../lib/gcc/arm-none-eabi/12.3.1/../../../../arm-none-eabi/lib/thumb/v6-m/nofp/libg.a(libc_a-sbrkr.o)
                              /Applications/ArmGNUToolchain/12.3.rel1/arm-none-eabi/bin/../lib/gcc/arm-none-eabi/12.3.1/../../../../arm-none-eabi/lib/thumb/v6-m/nofp/libg.a(libc_a-mallocr.o) (_sbrk_r)
/Applications/ArmGNUToolchain/12.3.rel1/arm-none-eabi/bin/../lib/gcc/arm-none-eabi/12.3.1/../../../../arm-none-eabi/lib/thumb/v6-m/nofp/libg.a(libc_a-errno.o)
                              /Applications/ArmGNUToolchain/12.3.rel1/arm-none-eabi/bin/../lib/gcc/arm-none-eabi/12.3.1/../../../../arm-none-eabi/lib/thumb/v6-m/nofp/libg.a(libc_a-callocr.o) (__errno)
/Applications/ArmGNUToolchain/12.3.rel1/arm-none-eabi/bin/../lib/gcc/arm-none-eabi/12.3.1/../../../../arm-none-eabi/lib/thumb/v6-m/nofp/libg.a(libc_a-sysconf.o)
                              /Applications/ArmGNUToolchain/12.3.rel1/arm-none-eabi/bin/../lib/gcc/arm-none-eabi/12.3.1/../../../../arm-none-eabi/lib/thumb/v6-m/nofp/libg.a(libc_a-mallocr.o) (sysconf)
/Applications/ArmGNUToolchain/12.3.rel1/arm-none-eabi/bin/../lib/gcc/arm-none-eabi/12.3.1/../../../../arm-none-eabi/lib/thumb/v6-m/nofp/libg.a(libc_a-init.o)
                              /Applications/ArmGNUToolchain/12.3.rel1/arm-none-eabi/bin/../lib/gcc/arm-none-eabi/12.3.1/../../../../arm-none-eabi/lib/thumb/v6-m/nofp/crt0.o (__libc_init_array)
/Applications/ArmGNUToolchain/12.3.rel1/arm-none-eabi/bin/../lib/gcc/arm-none-eabi/12.3.1/../../../../arm-none-eabi/lib/thumb/v6-m/nofp/libg.a(libc_a-lock.o)
[...]
Memory Configuration

Name             Origin             Length             Attributes
FLASH            0x10000000         0x00200000         xr
RAM              0x20000000         0x00040000         xrw
SCRATCH_X        0x20040000         0x00001000         xrw
SCRATCH_Y        0x20041000         0x00001000         xrw
*default*        0x00000000         0xffffffff

Linker script and memory map

LOAD /Applications/ArmGNUToolchain/12.3.rel1/arm-none-eabi/bin/../lib/gcc/arm-none-eabi/12.3.1/thumb/v6-m/nofp/crti.o
LOAD /Applications/ArmGNUToolchain/12.3.rel1/arm-none-eabi/bin/../lib/gcc/arm-none-eabi/12.3.1/thumb/v6-m/nofp/crtbegin.o
LOAD /Applications/ArmGNUToolchain/12.3.rel1/arm-none-eabi/bin/../lib/gcc/arm-none-eabi/12.3.1/../../../../arm-none-eabi/lib/thumb/v6-m/nofp/crt0.o

.flash_begin    0x10000000        0x0
                0x10000000                        __flash_binary_start = .

.boot2          0x10000000      0x100
                0x10000000                        __boot2_start__ = .
 *(.boot2)
 .boot2         0x10000000      0x100 /var/folders/4d/np5l_gk52g1gj0kk2fmsf50c0000gn/T//ccWCJq7H.o
                0x10000100                        __boot2_end__ = .
                0x00000001                        ASSERT (((__boot2_end__ - __boot2_start__) == 0x100), ERROR: Pico second stage bootloader must be 256 bytes in size)

.text           0x10000100     0x5f30
                0x10000100                        __logical_binary_start = .
 *(.vectors)
 .vectors       0x10000100       0xd4 CMakeFiles/main.dir/Users/Nina/pico/pico-sdk/src/rp2_common/pico_standard_link/crt0.S.obj
                0x10000100                __VECTOR_TABLE
                0x10000100                __vectors
                0x100001c0                __default_isrs_start
                0x100001c0                isr_invalid
                0x100001c2                isr_nmi
                0x100001c4                isr_hardfault
                0x100001c6                isr_svcall
                0x100001c8                isr_pendsv
                0x100001ca                isr_systick
                0x100001cc                isr_irq28
                0x100001cc                isr_irq19
                0x100001cc                isr_irq0
                0x100001cc                isr_irq6
                0x100001cc                isr_irq22
                0x100001cc                isr_irq17
                0x100001cc                isr_irq14
                0x100001cc                isr_irq2
                0x100001cc                isr_irq10
                0x100001cc                isr_irq8
                0x100001cc                isr_irq24
                0x100001cc                isr_irq1
                0x100001cc                isr_irq7
                0x100001cc                isr_irq21
                0x100001cc                isr_irq20
                0x100001cc                isr_irq15
                0x100001cc                isr_irq25
                0x100001cc                isr_irq4
                0x100001cc                isr_irq16
                0x100001cc                isr_irq29
                0x100001cc                isr_irq26
                0x100001cc                __default_isrs_end
                0x100001cc                isr_irq3
                0x100001cc                isr_irq9
                0x100001cc                __unhandled_user_irq
                0x100001cc                isr_irq13
                0x100001cc                isr_irq27
                0x100001cc                isr_irq31
                0x100001cc                isr_irq5
                0x100001cc                isr_irq11
                0x100001cc                isr_irq23
                0x100001cc                isr_irq18
                0x100001cc                isr_irq30
                0x100001cc                isr_irq12
                0x100001d2                unhandled_user_irq_num_in_r0
 *(.binary_info_header)
 .binary_info_header
                0x100001d4       0x14 CMakeFiles/main.dir/Users/Nina/pico/pico-sdk/src/rp2_common/pico_standard_link/crt0.S.obj
                0x100001e8                        __binary_info_header_end = .
 *(.reset)
 .reset         0x100001e8       0xa0 CMakeFiles/main.dir/Users/Nina/pico/pico-sdk/src/rp2_common/pico_standard_link/crt0.S.obj
                0x100001e8                _entry_point
 .reset         0x10000288       0x30 CMakeFiles/main.dir/Users/Nina/pico/pico-sdk/src/rp2_common/pico_standard_link/binary_info.c.obj
 *(.init)
 .init          0x100002b8        0x4 /Applications/ArmGNUToolchain/12.3.rel1/arm-none-eabi/bin/../lib/gcc/arm-none-eabi/12.3.1/thumb/v6-m/nofp/crti.o
                0x100002b8                _init
 *(EXCLUDE_FILE(*libm.a: *libc.a:*lib_a-mem*.o *libgcc.a:) .text*)
 .text.register_tm_clones
                0x100002bc       0x28 /Applications/ArmGNUToolchain/12.3.rel1/arm-none-eabi/bin/../lib/gcc/arm-none-eabi/12.3.1/thumb/v6-m/nofp/crtbegin.o
 .text.frame_dummy
                0x100002e4       0x24 /Applications/ArmGNUToolchain/12.3.rel1/arm-none-eabi/bin/../lib/gcc/arm-none-eabi/12.3.1/thumb/v6-m/nofp/crtbegin.o
 .text.reverse  0x10000308       0x2e CMakeFiles/main.dir/main.c.obj
 *fill*         0x10000336        0x2 
 .text.FillReversedCache
                0x10000338       0x28 CMakeFiles/main.dir/main.c.obj
 .text.WriteChar
                0x10000360       0x88 CMakeFiles/main.dir/main.c.obj
 .text.WriteString
                0x100003e8       0x2c CMakeFiles/main.dir/main.c.obj
 .text.pwm_set_chan_level
                0x10000414       0x40 CMakeFiles/main.dir/main.c.obj
 .text.init_port
                0x10000454       0x22 CMakeFiles/main.dir/main.c.obj
                0x10000454                init_port
 .text.Reset_Motor
                0x10000476       0x1e CMakeFiles/main.dir/main.c.obj
                0x10000476                Reset_Motor
 .text.Step_run
                0x10000494      0x134 CMakeFiles/main.dir/main.c.obj
                0x10000494                Step_run
 .text.onSMotor
                0x100005c8       0x2c CMakeFiles/main.dir/main.c.obj
                0x100005c8                onSMotor
 .text.offSMotor
                0x100005f4       0x28 CMakeFiles/main.dir/main.c.obj
                0x100005f4                offSMotor
 .text.calc_render_area_buflen
                0x1000061c       0x16 CMakeFiles/main.dir/main.c.obj
                0x1000061c                calc_render_area_buflen
 *fill*         0x10000632        0x2 
 .text.SSD1306_send_cmd
                0x10000634       0x24 CMakeFiles/main.dir/main.c.obj
                0x10000634                SSD1306_send_cmd
 .text.SSD1306_send_cmd_list
                0x10000658       0x18 CMakeFiles/main.dir/main.c.obj
                0x10000658                SSD1306_send_cmd_list
 .text.SSD1306_send_buf
                0x10000670       0x40 CMakeFiles/main.dir/main.c.obj
                0x10000670                SSD1306_send_buf
 .text.SSD1306_init
                0x100006b0       0x2c CMakeFiles/main.dir/main.c.obj
                0x100006b0                SSD1306_init
 .text.render   0x100006dc       0x36 CMakeFiles/main.dir/main.c.obj
                0x100006dc                render
 .text.init_soundSensor
                0x10000712       0x44 CMakeFiles/main.dir/main.c.obj
                0x10000712                init_soundSensor
 *fill*         0x10000756        0x2 
 .text.initialize_pwm_channel
                0x10000758       0x28 CMakeFiles/main.dir/main.c.obj
                0x10000758                initialize_pwm_channel
 .text.set_frequency
                0x10000780       0x70 CMakeFiles/main.dir/main.c.obj
                0x10000780                set_frequency
 .text.set_duty
                0x100007f0       0x44 CMakeFiles/main.dir/main.c.obj
                0x100007f0                set_duty
 .text.initBuzzer
                0x10000834       0x12 CMakeFiles/main.dir/main.c.obj
                0x10000834                initBuzzer
 .text.Play_Note
                0x10000846       0x52 CMakeFiles/main.dir/main.c.obj
                0x10000846                Play_Note
 .text.PlayMusic
                0x10000898       0x28 CMakeFiles/main.dir/main.c.obj
                0x10000898                PlayMusic
 .text.onSong   0x100008c0       0x50 CMakeFiles/main.dir/main.c.obj
                0x100008c0                onSong
 .text.timeSong
                0x10000910       0x68 CMakeFiles/main.dir/main.c.obj
                0x10000910                timeSong
 .text.initialize_pwm_channel_7
                0x10000978       0x28 CMakeFiles/main.dir/main.c.obj
                0x10000978                initialize_pwm_channel_7
 .text.set_frequency_7
                0x100009a0       0x70 CMakeFiles/main.dir/main.c.obj
                0x100009a0                set_frequency_7
 .text.set_duty_7
                0x10000a10       0x44 CMakeFiles/main.dir/main.c.obj
                0x10000a10                set_duty_7
 .text.thirdfnc
                0x10000a54       0x5c CMakeFiles/main.dir/main.c.obj
                0x10000a54                thirdfnc
 .text.init_HW  0x10000ab0       0x3c CMakeFiles/main.dir/main.c.obj
                0x10000ab0                init_HW
 .text.main     0x10000aec      0x490 CMakeFiles/main.dir/main.c.obj
                0x10000aec                main
 .text.sm_config_set_clkdiv
                0x10000f7c       0x3c CMakeFiles/main.dir/nec_receive.c.obj
 .text.pio_get_default_sm_config
                0x10000fb8       0x28 CMakeFiles/main.dir/nec_receive.c.obj
 .text.nec_receive_program_get_default_config
                0x10000fe0       0x28 CMakeFiles/main.dir/nec_receive.c.obj
 .text.nec_receive_program_init
                0x10001008       0xc0 CMakeFiles/main.dir/nec_receive.c.obj
 .text.nec_rx_init
                0x100010c8       0x50 CMakeFiles/main.dir/nec_receive.c.obj
                0x100010c8                nec_rx_init
 .text.nec_decode_frame
                0x10001118       0x2e CMakeFiles/main.dir/nec_receive.c.obj
                0x10001118                nec_decode_frame
 *fill*         0x10001146        0x2 
 .text.gpio_set_function
                0x10001148       0x30 CMakeFiles/main.dir/Users/Nina/pico/pico-sdk/src/rp2_common/hardware_gpio/gpio.c.obj
                0x10001148                gpio_set_function
 .text.gpio_set_pulls
                0x10001178       0x34 CMakeFiles/main.dir/Users/Nina/pico/pico-sdk/src/rp2_common/hardware_gpio/gpio.c.obj
                0x10001178                gpio_set_pulls
 .text.gpio_init
                0x100011ac       0x16 CMakeFiles/main.dir/Users/Nina/pico/pico-sdk/src/rp2_common/hardware_gpio/gpio.c.obj
                0x100011ac                gpio_init
 *fill*         0x100011c2        0x2 
 .text.running_on_fpga
                0x100011c4       0x14 CMakeFiles/main.dir/Users/Nina/pico/pico-sdk/src/rp2_common/pico_platform/platform.c.obj
                0x100011c4                running_on_fpga
 .text.hw_claim_lock
                0x100011d8       0x18 CMakeFiles/main.dir/Users/Nina/pico/pico-sdk/src/rp2_common/hardware_claim/claim.c.obj
                0x100011d8                hw_claim_lock
 .text.hw_claim_unlock
                0x100011f0       0x14 CMakeFiles/main.dir/Users/Nina/pico/pico-sdk/src/rp2_common/hardware_claim/claim.c.obj
                0x100011f0                hw_claim_unlock
 .text.hw_claim_or_assert
                0x10001204       0x32 CMakeFiles/main.dir/Users/Nina/pico/pico-sdk/src/rp2_common/hardware_claim/claim.c.obj
                0x10001204                hw_claim_or_assert
 .text.hw_claim_unused_from_range
                0x10001236       0x50 CMakeFiles/main.dir/Users/Nina/pico/pico-sdk/src/rp2_common/hardware_claim/claim.c.obj
                0x10001236                hw_claim_unused_from_range
 *fill*         0x10001286        0x2 
 .text.spin_locks_reset
                0x10001288       0x20 CMakeFiles/main.dir/Users/Nina/pico/pico-sdk/src/rp2_common/hardware_sync/sync.c.obj
                0x10001288                spin_locks_reset
 .text.next_striped_spin_lock_num
                0x100012a8       0x1c CMakeFiles/main.dir/Users/Nina/pico/pico-sdk/src/rp2_common/hardware_sync/sync.c.obj
                0x100012a8                next_striped_spin_lock_num
 .text.set_raw_irq_handler_and_unlock
                0x100012c4       0x28 CMakeFiles/main.dir/Users/Nina/pico/pico-sdk/src/rp2_common/hardware_irq/irq.c.obj
 .text.resolve_branch
                0x100012ec       0x30 CMakeFiles/main.dir/Users/Nina/pico/pico-sdk/src/rp2_common/hardware_irq/irq.c.obj
 .text.make_branch
                0x1000131c       0x48 CMakeFiles/main.dir/Users/Nina/pico/pico-sdk/src/rp2_common/hardware_irq/irq.c.obj
 .text.insert_branch_and_link
                0x10001364       0x40 CMakeFiles/main.dir/Users/Nina/pico/pico-sdk/src/rp2_common/hardware_irq/irq.c.obj
 .text.irq_is_enabled
                0x100013a4       0x18 CMakeFiles/main.dir/Users/Nina/pico/pico-sdk/src/rp2_common/hardware_irq/irq.c.obj
                0x100013a4                irq_is_enabled
 .text.irq_set_mask_enabled
                0x100013bc       0x20 CMakeFiles/main.dir/Users/Nina/pico/pico-sdk/src/rp2_common/hardware_irq/irq.c.obj
                0x100013bc                irq_set_mask_enabled
 .text.irq_set_enabled
                0x100013dc        0xe CMakeFiles/main.dir/Users/Nina/pico/pico-sdk/src/rp2_common/hardware_irq/irq.c.obj
                0x100013dc                irq_set_enabled
 *fill*         0x100013ea        0x2 
 .text.irq_get_vtable_handler
                0x100013ec       0x10 CMakeFiles/main.dir/Users/Nina/pico/pico-sdk/src/rp2_common/hardware_irq/irq.c.obj
                0x100013ec                irq_get_vtable_handler
 .text.irq_set_exclusive_handler
                0x100013fc       0x54 CMakeFiles/main.dir/Users/Nina/pico/pico-sdk/src/rp2_common/hardware_irq/irq.c.obj
                0x100013fc                irq_set_exclusive_handler
 .text.irq_remove_handler
                0x10001450      0x188 CMakeFiles/main.dir/Users/Nina/pico/pico-sdk/src/rp2_common/hardware_irq/irq.c.obj
                0x10001450                irq_remove_handler
 .text.irq_add_tail_to_free_list
                0x100015d8       0xf0 CMakeFiles/main.dir/Users/Nina/pico/pico-sdk/src/rp2_common/hardware_irq/irq.c.obj
                0x100015d8                irq_add_tail_to_free_list
 .text.irq_init_priorities
                0x100016c8       0x1c CMakeFiles/main.dir/Users/Nina/pico/pico-sdk/src/rp2_common/hardware_irq/irq.c.obj
                0x100016c8                irq_init_priorities
 .text.lock_init
                0x100016e4       0x10 CMakeFiles/main.dir/Users/Nina/pico/pico-sdk/src/common/pico_sync/lock_core.c.obj
                0x100016e4                lock_init
 .text.mutex_init
                0x100016f4       0x1a CMakeFiles/main.dir/Users/Nina/pico/pico-sdk/src/common/pico_sync/mutex.c.obj
                0x100016f4                mutex_init
 .text.recursive_mutex_init
                0x1000170e       0x1e CMakeFiles/main.dir/Users/Nina/pico/pico-sdk/src/common/pico_sync/mutex.c.obj
                0x1000170e                recursive_mutex_init
 .text.time_reached
                0x1000172c       0x28 CMakeFiles/main.dir/Users/Nina/pico/pico-sdk/src/common/pico_time/time.c.obj
 .text.get_entry
                0x10001754       0x38 CMakeFiles/main.dir/Users/Nina/pico/pico-sdk/src/common/pico_time/time.c.obj
 .text.timer_pool_entry_comparator
                0x1000178c       0x2e CMakeFiles/main.dir/Users/Nina/pico/pico-sdk/src/common/pico_time/time.c.obj
                0x1000178c                timer_pool_entry_comparator
 *fill*         0x100017ba        0x2 
 .text.update_us_since_boot
                0x100017bc       0x24 CMakeFiles/main.dir/Users/Nina/pico/pico-sdk/src/common/pico_time/time.c.obj
 .text.delayed_by_us
                0x100017e0       0x34 CMakeFiles/main.dir/Users/Nina/pico/pico-sdk/src/common/pico_time/time.c.obj
 .text.ph_get_node
                0x10001814       0x30 CMakeFiles/main.dir/Users/Nina/pico/pico-sdk/src/common/pico_time/time.c.obj
 .text.ph_contains_node
                0x10001844       0x1e CMakeFiles/main.dir/Users/Nina/pico/pico-sdk/src/common/pico_time/time.c.obj
 .text.ph_new_node
                0x10001862       0x28 CMakeFiles/main.dir/Users/Nina/pico/pico-sdk/src/common/pico_time/time.c.obj
 *fill*         0x1000188a        0x2 
 .text.ph_add_child_node
                0x1000188c       0x6c CMakeFiles/main.dir/Users/Nina/pico/pico-sdk/src/common/pico_time/time.c.obj
 .text.ph_merge_nodes
                0x100018f8       0x3e CMakeFiles/main.dir/Users/Nina/pico/pico-sdk/src/common/pico_time/time.c.obj
 *fill*         0x10001936        0x2 
 .text.ph_insert_node
                0x10001938       0x3c CMakeFiles/main.dir/Users/Nina/pico/pico-sdk/src/common/pico_time/time.c.obj
 .text.ph_free_node
                0x10001974       0x5c CMakeFiles/main.dir/Users/Nina/pico/pico-sdk/src/common/pico_time/time.c.obj
 .text.get_entry_id_high
                0x100019d0       0x30 CMakeFiles/main.dir/Users/Nina/pico/pico-sdk/src/common/pico_time/time.c.obj
 .text.alarm_pool_post_alloc_init
                0x10001a00       0x40 CMakeFiles/main.dir/Users/Nina/pico/pico-sdk/src/common/pico_time/time.c.obj
 .text.sleep_until_callback
                0x10001a40       0x30 CMakeFiles/main.dir/Users/Nina/pico/pico-sdk/src/common/pico_time/time.c.obj
 .text.get_absolute_time
                0x10001a70       0x22 CMakeFiles/main.dir/Users/Nina/pico/pico-sdk/src/common/pico_time/time.c.obj
 .text.make_timeout_time_us
                0x10001a92       0x24 CMakeFiles/main.dir/Users/Nina/pico/pico-sdk/src/common/pico_time/time.c.obj
 *fill*         0x10001ab6        0x2 
 .text.add_alarm_under_lock
                0x10001ab8       0x94 CMakeFiles/main.dir/Users/Nina/pico/pico-sdk/src/common/pico_time/time.c.obj
 .text.alarm_pool_alarm_callback
                0x10001b4c      0x210 CMakeFiles/main.dir/Users/Nina/pico/pico-sdk/src/common/pico_time/time.c.obj
 .text.alarm_pool_init_default
                0x10001d5c       0x40 CMakeFiles/main.dir/Users/Nina/pico/pico-sdk/src/common/pico_time/time.c.obj
                0x10001d5c                alarm_pool_init_default
 .text.alarm_pool_get_default
                0x10001d9c       0x2c CMakeFiles/main.dir/Users/Nina/pico/pico-sdk/src/common/pico_time/time.c.obj
                0x10001d9c                alarm_pool_get_default
 .text.alarm_pool_add_alarm_at
                0x10001dc8      0x10e CMakeFiles/main.dir/Users/Nina/pico/pico-sdk/src/common/pico_time/time.c.obj
                0x10001dc8                alarm_pool_add_alarm_at
 .text.add_alarm_at
                0x10001ed6       0x2e CMakeFiles/main.dir/Users/Nina/pico/pico-sdk/src/common/pico_time/time.c.obj
 .text.alarm_pool_cancel_alarm
                0x10001f04       0xa8 CMakeFiles/main.dir/Users/Nina/pico/pico-sdk/src/common/pico_time/time.c.obj
                0x10001f04                alarm_pool_cancel_alarm
 .text.cancel_alarm
                0x10001fac       0x10 CMakeFiles/main.dir/Users/Nina/pico/pico-sdk/src/common/pico_time/time.c.obj
 .text.sleep_until
                0x10001fbc       0xb0 CMakeFiles/main.dir/Users/Nina/pico/pico-sdk/src/common/pico_time/time.c.obj
                0x10001fbc                sleep_until
 .text.sleep_us
                0x1000206c       0x1a CMakeFiles/main.dir/Users/Nina/pico/pico-sdk/src/common/pico_time/time.c.obj
                0x1000206c                sleep_us
 .text.sleep_ms
                0x10002086       0x14 CMakeFiles/main.dir/Users/Nina/pico/pico-sdk/src/common/pico_time/time.c.obj
                0x10002086                sleep_ms
 *fill*         0x1000209a        0x2 
 .text.best_effort_wfe_or_timeout
                0x1000209c       0x44 CMakeFiles/main.dir/Users/Nina/pico/pico-sdk/src/common/pico_time/time.c.obj
                0x1000209c                best_effort_wfe_or_timeout
 .text.hardware_alarm_irq_handler
                0x100020e0       0x8c CMakeFiles/main.dir/Users/Nina/pico/pico-sdk/src/rp2_common/hardware_timer/timer.c.obj
 .text.hardware_alarm_claim
                0x1000216c       0x18 CMakeFiles/main.dir/Users/Nina/pico/pico-sdk/src/rp2_common/hardware_timer/timer.c.obj
                0x1000216c                hardware_alarm_claim
 .text.time_us_64
                0x10002184       0x18 CMakeFiles/main.dir/Users/Nina/pico/pico-sdk/src/rp2_common/hardware_timer/timer.c.obj
                0x10002184                time_us_64
 .text.busy_wait_until
                0x1000219c       0x28 CMakeFiles/main.dir/Users/Nina/pico/pico-sdk/src/rp2_common/hardware_timer/timer.c.obj
                0x1000219c                busy_wait_until
 .text.hardware_alarm_set_callback
                0x100021c4       0x90 CMakeFiles/main.dir/Users/Nina/pico/pico-sdk/src/rp2_common/hardware_timer/timer.c.obj
                0x100021c4                hardware_alarm_set_callback
 .text.hardware_alarm_set_target
                0x10002254       0xe8 CMakeFiles/main.dir/Users/Nina/pico/pico-sdk/src/rp2_common/hardware_timer/timer.c.obj
                0x10002254                hardware_alarm_set_target
 .text.hardware_alarm_cancel
                0x1000233c       0x40 CMakeFiles/main.dir/Users/Nina/pico/pico-sdk/src/rp2_common/hardware_timer/timer.c.obj
                0x1000233c                hardware_alarm_cancel
 .text.ph_get_node
                0x1000237c       0x30 CMakeFiles/main.dir/Users/Nina/pico/pico-sdk/src/common/pico_util/pheap.c.obj
 .text.ph_add_child_node
                0x100023ac       0x6c CMakeFiles/main.dir/Users/Nina/pico/pico-sdk/src/common/pico_util/pheap.c.obj
 .text.ph_merge_nodes
                0x10002418       0x3e CMakeFiles/main.dir/Users/Nina/pico/pico-sdk/src/common/pico_util/pheap.c.obj
 .text.ph_clear
                0x10002456       0x34 CMakeFiles/main.dir/Users/Nina/pico/pico-sdk/src/common/pico_util/pheap.c.obj
                0x10002456                ph_clear
 .text.ph_post_alloc_init
                0x1000248a        0xe CMakeFiles/main.dir/Users/Nina/pico/pico-sdk/src/common/pico_util/pheap.c.obj
                0x1000248a                ph_post_alloc_init
 .text.ph_merge_two_pass
                0x10002498       0x5c CMakeFiles/main.dir/Users/Nina/pico/pico-sdk/src/common/pico_util/pheap.c.obj
                0x10002498                ph_merge_two_pass
 .text.ph_remove_any_head
                0x100024f4       0xc0 CMakeFiles/main.dir/Users/Nina/pico/pico-sdk/src/common/pico_util/pheap.c.obj
 .text.ph_remove_head
                0x100025b4       0x14 CMakeFiles/main.dir/Users/Nina/pico/pico-sdk/src/common/pico_util/pheap.c.obj
                0x100025b4                ph_remove_head
 .text.ph_remove_and_free_node
                0x100025c8       0xa0 CMakeFiles/main.dir/Users/Nina/pico/pico-sdk/src/common/pico_util/pheap.c.obj
                0x100025c8                ph_remove_and_free_node
 .text.clock_configure
                0x10002668      0x108 CMakeFiles/main.dir/Users/Nina/pico/pico-sdk/src/rp2_common/hardware_clocks/clocks.c.obj
                0x10002668                clock_configure
 .text.clocks_init
                0x10002770      0x100 CMakeFiles/main.dir/Users/Nina/pico/pico-sdk/src/rp2_common/hardware_clocks/clocks.c.obj
                0x10002770                clocks_init
 .text.clock_get_hz
                0x10002870        0xc CMakeFiles/main.dir/Users/Nina/pico/pico-sdk/src/rp2_common/hardware_clocks/clocks.c.obj
                0x10002870                clock_get_hz
 .text.pll_init
                0x1000287c      0x120 CMakeFiles/main.dir/Users/Nina/pico/pico-sdk/src/rp2_common/hardware_pll/pll.c.obj
                0x1000287c                pll_init
 .text.watchdog_start_tick
                0x1000299c       0x10 CMakeFiles/main.dir/Users/Nina/pico/pico-sdk/src/rp2_common/hardware_watchdog/watchdog.c.obj
                0x1000299c                watchdog_start_tick
 .text.xosc_init
                0x100029ac       0x28 CMakeFiles/main.dir/Users/Nina/pico/pico-sdk/src/rp2_common/hardware_xosc/xosc.c.obj
                0x100029ac                xosc_init
 .text._exit    0x100029d4        0x4 CMakeFiles/main.dir/Users/Nina/pico/pico-sdk/src/rp2_common/pico_runtime/runtime.c.obj
                0x100029d4                _exit
 .text._sbrk    0x100029d8       0x38 CMakeFiles/main.dir/Users/Nina/pico/pico-sdk/src/rp2_common/pico_runtime/runtime.c.obj
                0x100029d8                _sbrk
 .text.exit     0x10002a10        0x6 CMakeFiles/main.dir/Users/Nina/pico/pico-sdk/src/rp2_common/pico_runtime/runtime.c.obj
                0x10002a10                exit
 *fill*         0x10002a16        0x2 
 .text.__assert_func
                0x10002a18       0x38 CMakeFiles/main.dir/Users/Nina/pico/pico-sdk/src/rp2_common/pico_runtime/runtime.c.obj
                0x10002a18                __assert_func
 .text.runtime_init
                0x10002a50       0xf8 CMakeFiles/main.dir/Users/Nina/pico/pico-sdk/src/rp2_common/pico_runtime/runtime.c.obj
                0x10002a50                runtime_init
 .text.panic    0x10002b48       0x30 CMakeFiles/main.dir/Users/Nina/pico/pico-sdk/src/rp2_common/pico_runtime/runtime.c.obj
                0x10002b48                panic
 .text._out_null
                0x10002b78        0x2 CMakeFiles/main.dir/Users/Nina/pico/pico-sdk/src/rp2_common/pico_printf/printf.c.obj
 .text._out_fct
                0x10002b7a        0xe CMakeFiles/main.dir/Users/Nina/pico/pico-sdk/src/rp2_common/pico_printf/printf.c.obj
 .text._atoi    0x10002b88       0x24 CMakeFiles/main.dir/Users/Nina/pico/pico-sdk/src/rp2_common/pico_printf/printf.c.obj
 .text._out_rev
                0x10002bac       0xae CMakeFiles/main.dir/Users/Nina/pico/pico-sdk/src/rp2_common/pico_printf/printf.c.obj
 .text._ntoa_format
                0x10002c5a      0x110 CMakeFiles/main.dir/Users/Nina/pico/pico-sdk/src/rp2_common/pico_printf/printf.c.obj
 .text._ntoa_long
                0x10002d6a       0xbc CMakeFiles/main.dir/Users/Nina/pico/pico-sdk/src/rp2_common/pico_printf/printf.c.obj
 .text._ntoa_long_long
                0x10002e26      0x10e CMakeFiles/main.dir/Users/Nina/pico/pico-sdk/src/rp2_common/pico_printf/printf.c.obj
 .text._etoa    0x10002f34      0x420 CMakeFiles/main.dir/Users/Nina/pico/pico-sdk/src/rp2_common/pico_printf/printf.c.obj
 .text._ftoa    0x10003354      0x354 CMakeFiles/main.dir/Users/Nina/pico/pico-sdk/src/rp2_common/pico_printf/printf.c.obj
 .text._vsnprintf
                0x100036a8      0x65c CMakeFiles/main.dir/Users/Nina/pico/pico-sdk/src/rp2_common/pico_printf/printf.c.obj
 .text.vfctprintf
                0x10003d04       0x20 CMakeFiles/main.dir/Users/Nina/pico/pico-sdk/src/rp2_common/pico_printf/printf.c.obj
                0x10003d04                vfctprintf
 .text          0x10003d24       0x10 CMakeFiles/main.dir/Users/Nina/pico/pico-sdk/src/rp2_common/pico_bit_ops/bit_ops_aeabi.S.obj
 .text.rom_func_lookup
                0x10003d34       0x10 CMakeFiles/main.dir/Users/Nina/pico/pico-sdk/src/rp2_common/pico_bootrom/bootrom.c.obj
                0x10003d34                rom_func_lookup
 .text.rom_data_lookup
                0x10003d44       0x10 CMakeFiles/main.dir/Users/Nina/pico/pico-sdk/src/rp2_common/pico_bootrom/bootrom.c.obj
                0x10003d44                rom_data_lookup
 .text.rom_funcs_lookup
                0x10003d54       0x36 CMakeFiles/main.dir/Users/Nina/pico/pico-sdk/src/rp2_common/pico_bootrom/bootrom.c.obj
                0x10003d54                rom_funcs_lookup
 *fill*         0x10003d8a        0x2 
 .text.__wrap___aeabi_idiv
                0x10003d8c       0x50 CMakeFiles/main.dir/Users/Nina/pico/pico-sdk/src/rp2_common/pico_divider/divider.S.obj
                0x10003d8c                __wrap___aeabi_idivmod
                0x10003d8c                divmod_s32s32
                0x10003d8c                div_s32s32
                0x10003d8c                __wrap___aeabi_idiv
                0x10003d94                divmod_s32s32_unsafe
                0x10003dc0                divmod_s32s32_savestate
 .text.__wrap___aeabi_uidiv
                0x10003ddc       0x4c CMakeFiles/main.dir/Users/Nina/pico/pico-sdk/src/rp2_common/pico_divider/divider.S.obj
                0x10003ddc                __wrap___aeabi_uidiv
                0x10003ddc                __wrap___aeabi_uidivmod
                0x10003ddc                div_u32u32
                0x10003ddc                divmod_u32u32
                0x10003de4                divmod_u32u32_unsafe
                0x10003e0c                divmod_u32u32_savestate
 .text.__wrap___aeabi_ldiv
                0x10003e28      0x424 CMakeFiles/main.dir/Users/Nina/pico/pico-sdk/src/rp2_common/pico_divider/divider.S.obj
                0x10003e28                __wrap___aeabi_ldivmod
                0x10003e28                div_s64s64
                0x10003e28                divmod_s64s64
                0x10003e58                divmod_u64u64
                0x10003e58                div_u64u64
                0x10003e58                __wrap___aeabi_uldivmod
                0x10003e68                divmod_u64u64_savestate
                0x10003e88                divmod_s64s64_unsafe
                0x10003f10                divmod_u64u64_unsafe
 .text.__wrap___aeabi_darithmetic
                0x1000424c       0x80 CMakeFiles/main.dir/Users/Nina/pico/pico-sdk/src/rp2_common/pico_double/double_aeabi.S.obj
                0x1000424c                __wrap___aeabi_drsub
                0x10004252                __wrap___aeabi_dsub
                0x10004264                __wrap___aeabi_dadd
                0x10004276                __wrap___aeabi_ddiv
                0x100042b2                __wrap___aeabi_dmul
 .text.__wrap___aeabi_cdcmple
                0x100042cc       0x6c CMakeFiles/main.dir/Users/Nina/pico/pico-sdk/src/rp2_common/pico_double/double_aeabi.S.obj
                0x100042cc                __wrap___aeabi_cdrcmple
                0x100042dc                __wrap___aeabi_cdcmple
                0x100042dc                __wrap___aeabi_cdcmpeq
 .text.__wrap___aeabi_dcmplt
                0x10004338        0xc CMakeFiles/main.dir/Users/Nina/pico/pico-sdk/src/rp2_common/pico_double/double_aeabi.S.obj
                0x10004338                __wrap___aeabi_dcmplt
 .text.__wrap___aeabi_dcmple
                0x10004344       0x10 CMakeFiles/main.dir/Users/Nina/pico/pico-sdk/src/rp2_common/pico_double/double_aeabi.S.obj
                0x10004344                __wrap___aeabi_dcmple
 .text.__wrap___aeabi_dcmpge
                0x10004354       0x10 CMakeFiles/main.dir/Users/Nina/pico/pico-sdk/src/rp2_common/pico_double/double_aeabi.S.obj
                0x10004354                __wrap___aeabi_dcmpge
 .text.__wrap___aeabi_dcmpgt
                0x10004364        0xa CMakeFiles/main.dir/Users/Nina/pico/pico-sdk/src/rp2_common/pico_double/double_aeabi.S.obj
                0x10004364                __wrap___aeabi_dcmpgt
 .text.__wrap___aeabi_dcmpun
                0x1000436e       0x1c CMakeFiles/main.dir/Users/Nina/pico/pico-sdk/src/rp2_common/pico_double/double_aeabi.S.obj
                0x1000436e                __wrap___aeabi_dcmpun
 *fill*         0x1000438a        0x2 
 .text.__wrap___aeabi_i2d
                0x1000438c       0x38 CMakeFiles/main.dir/Users/Nina/pico/pico-sdk/src/rp2_common/pico_double/double_aeabi.S.obj
                0x1000438c                __wrap___aeabi_ui2d
                0x10004394                __wrap___aeabi_i2d
 .text.__wrap___aeabi_d2iz
                0x100043c4       0x48 CMakeFiles/main.dir/Users/Nina/pico/pico-sdk/src/rp2_common/pico_double/double_aeabi.S.obj
                0x100043c4                __wrap___aeabi_d2iz
                0x100043c4                double2int_z
 .text.__wrap___aeabi_d2uiz
                0x1000440c       0x18 CMakeFiles/main.dir/Users/Nina/pico/pico-sdk/src/rp2_common/pico_double/double_aeabi.S.obj
                0x1000440c                double2uint
                0x1000440c                __wrap___aeabi_d2uiz
 .text.__wrap___aeabi_d2f
                0x10004424       0x18 CMakeFiles/main.dir/Users/Nina/pico/pico-sdk/src/rp2_common/pico_double/double_aeabi.S.obj
                0x10004424                __wrap___aeabi_d2f
 .text.__aeabi_double_init
                0x1000443c       0xcc CMakeFiles/main.dir/Users/Nina/pico/pico-sdk/src/rp2_common/pico_double/double_init_rom.c.obj
                0x1000443c                __aeabi_double_init
 .text.double_table_shim_on_use_helper
                0x10004508       0x34 CMakeFiles/main.dir/Users/Nina/pico/pico-sdk/src/rp2_common/pico_double/double_v1_rom_shim.S.obj
                0x10004508                double_table_shim_on_use_helper
 .text.__wrap___aeabi_dsub
                0x1000453c       0x10 CMakeFiles/main.dir/Users/Nina/pico/pico-sdk/src/rp2_common/pico_double/double_v1_rom_shim.S.obj
                0x1000453c                drsub_shim
                0x10004542                dsub_shim
 .text.dadd_shim
                0x1000454c      0x15c CMakeFiles/main.dir/Users/Nina/pico/pico-sdk/src/rp2_common/pico_double/double_v1_rom_shim.S.obj
                0x1000454c                dadd_shim
 .text.dmul_shim
                0x100046a8      0x15c CMakeFiles/main.dir/Users/Nina/pico/pico-sdk/src/rp2_common/pico_double/double_v1_rom_shim.S.obj
                0x100046a8                dmul_shim
 .text.ddiv_shim
                0x10004804      0x1b0 CMakeFiles/main.dir/Users/Nina/pico/pico-sdk/src/rp2_common/pico_double/double_v1_rom_shim.S.obj
                0x10004804                ddiv_shim
 .text.double2uint_shim
                0x100049b4        0xe CMakeFiles/main.dir/Users/Nina/pico/pico-sdk/src/rp2_common/pico_double/double_v1_rom_shim.S.obj
                0x100049b4                double2uint_shim
                0x100049b6                double2ufix_shim
 *fill*         0x100049c2        0x2 
 .text.double2uint64_shim
                0x100049c4       0x70 CMakeFiles/main.dir/Users/Nina/pico/pico-sdk/src/rp2_common/pico_double/double_v1_rom_shim.S.obj
                0x100049c4                double2uint64_shim
                0x100049c6                double2ufix64_shim
                0x100049e6                d2fix_a
 .text.double2float_shim
                0x10004a34       0x5c CMakeFiles/main.dir/Users/Nina/pico/pico-sdk/src/rp2_common/pico_double/double_v1_rom_shim.S.obj
                0x10004a34                double2float_shim
 .text.dunpacks
                0x10004a90       0x3c CMakeFiles/main.dir/Users/Nina/pico/pico-sdk/src/rp2_common/pico_double/double_v1_rom_shim.S.obj
                0x10004a90                dunpacks
 .text.__aeabi_lmul
                0x10004acc       0x32 CMakeFiles/main.dir/Users/Nina/pico/pico-sdk/src/rp2_common/pico_int64_ops/pico_int64_ops_aeabi.S.obj
                0x10004acc                __wrap___aeabi_lmul
 *fill*         0x10004afe        0x2 
 .text.__wrap___aeabi_farithmetic
                0x10004b00       0x58 CMakeFiles/main.dir/Users/Nina/pico/pico-sdk/src/rp2_common/pico_float/float_aeabi.S.obj
                0x10004b00                __wrap___aeabi_frsub
                0x10004b06                __wrap___aeabi_fsub
                0x10004b10                __wrap___aeabi_fadd
                0x10004b1a                __wrap___aeabi_fdiv
                0x10004b46                __wrap___aeabi_fmul
 .text.__wrap___aeabi_ui2f
                0x10004b58        0xa CMakeFiles/main.dir/Users/Nina/pico/pico-sdk/src/rp2_common/pico_float/float_aeabi.S.obj
                0x10004b58                __wrap___aeabi_ui2f
 *fill*         0x10004b62        0x2 
 .text.__wrap___aeabi_i2f
                0x10004b64       0x44 CMakeFiles/main.dir/Users/Nina/pico/pico-sdk/src/rp2_common/pico_float/float_aeabi.S.obj
                0x10004b64                __wrap___aeabi_i2f
 .text.__wrap___aeabi_f2uiz
                0x10004ba8       0x10 CMakeFiles/main.dir/Users/Nina/pico/pico-sdk/src/rp2_common/pico_float/float_aeabi.S.obj
                0x10004ba8                __wrap___aeabi_f2uiz
 .text.__aeabi_float_init
                0x10004bb8       0xfc CMakeFiles/main.dir/Users/Nina/pico/pico-sdk/src/rp2_common/pico_float/float_init_rom.c.obj
                0x10004bb8                __aeabi_float_init
 .text.float_table_shim_on_use_helper
                0x10004cb4       0x34 CMakeFiles/main.dir/Users/Nina/pico/pico-sdk/src/rp2_common/pico_float/float_v1_rom_shim.S.obj
                0x10004cb4                float_table_shim_on_use_helper
 .text.check_alloc
                0x10004ce8       0x20 CMakeFiles/main.dir/Users/Nina/pico/pico-sdk/src/rp2_common/pico_malloc/pico_malloc.c.obj
 .text.__wrap_malloc
                0x10004d08       0x14 CMakeFiles/main.dir/Users/Nina/pico/pico-sdk/src/rp2_common/pico_malloc/pico_malloc.c.obj
                0x10004d08                __wrap_malloc
 .text.__wrap_free
                0x10004d1c        0x8 CMakeFiles/main.dir/Users/Nina/pico/pico-sdk/src/rp2_common/pico_malloc/pico_malloc.c.obj
                0x10004d1c                __wrap_free
 .text          0x10004d24       0x10 CMakeFiles/main.dir/Users/Nina/pico/pico-sdk/src/rp2_common/pico_mem_ops/mem_ops_aeabi.S.obj
                0x10004d24                __aeabi_mem_init
 .text.memset   0x10004d34        0xc CMakeFiles/main.dir/Users/Nina/pico/pico-sdk/src/rp2_common/pico_mem_ops/mem_ops_aeabi.S.obj
                0x10004d34                __wrap_memset
 .text.memcpy   0x10004d40        0xc CMakeFiles/main.dir/Users/Nina/pico/pico-sdk/src/rp2_common/pico_mem_ops/mem_ops_aeabi.S.obj
                0x10004d40                __wrap___aeabi_memcpy
                0x10004d40                __wrap_memcpy
 .text.stdio_out_chars_no_crlf
                0x10004d4c        0xe CMakeFiles/main.dir/Users/Nina/pico/pico-sdk/src/rp2_common/pico_stdio/stdio.c.obj
 *fill*         0x10004d5a        0x2 
 .text.stdio_out_chars_crlf
                0x10004d5c       0x80 CMakeFiles/main.dir/Users/Nina/pico/pico-sdk/src/rp2_common/pico_stdio/stdio.c.obj
 .text.stdio_stack_buffer_flush
                0x10004ddc       0x44 CMakeFiles/main.dir/Users/Nina/pico/pico-sdk/src/rp2_common/pico_stdio/stdio.c.obj
 .text.stdio_buffered_printer
                0x10004e20       0x20 CMakeFiles/main.dir/Users/Nina/pico/pico-sdk/src/rp2_common/pico_stdio/stdio.c.obj
 .text.update_us_since_boot
                0x10004e40       0x24 CMakeFiles/main.dir/Users/Nina/pico/pico-sdk/src/rp2_common/pico_stdio/stdio.c.obj
 .text.get_absolute_time
                0x10004e64       0x22 CMakeFiles/main.dir/Users/Nina/pico/pico-sdk/src/rp2_common/pico_stdio/stdio.c.obj
 *fill*         0x10004e86        0x2 
 .text.delayed_by_ms
                0x10004e88       0x44 CMakeFiles/main.dir/Users/Nina/pico/pico-sdk/src/rp2_common/pico_stdio/stdio.c.obj
 .text.make_timeout_time_ms
                0x10004ecc       0x20 CMakeFiles/main.dir/Users/Nina/pico/pico-sdk/src/rp2_common/pico_stdio/stdio.c.obj
 .text.stdout_serialize_begin
                0x10004eec       0x20 CMakeFiles/main.dir/Users/Nina/pico/pico-sdk/src/rp2_common/pico_stdio/stdio.c.obj
                0x10004eec                stdout_serialize_begin
 .text.stdout_serialize_end
                0x10004f0c       0x10 CMakeFiles/main.dir/Users/Nina/pico/pico-sdk/src/rp2_common/pico_stdio/stdio.c.obj
                0x10004f0c                stdout_serialize_end
 .text.stdio_put_string
                0x10004f1c       0x98 CMakeFiles/main.dir/Users/Nina/pico/pico-sdk/src/rp2_common/pico_stdio/stdio.c.obj
 .text.stdio_flush
                0x10004fb4       0x20 CMakeFiles/main.dir/Users/Nina/pico/pico-sdk/src/rp2_common/pico_stdio/stdio.c.obj
                0x10004fb4                stdio_flush
 .text.__wrap_puts
                0x10004fd4       0x1e CMakeFiles/main.dir/Users/Nina/pico/pico-sdk/src/rp2_common/pico_stdio/stdio.c.obj
                0x10004fd4                __wrap_puts
 *fill*         0x10004ff2        0x2 
 .text.__wrap_vprintf
                0x10004ff4       0x40 CMakeFiles/main.dir/Users/Nina/pico/pico-sdk/src/rp2_common/pico_stdio/stdio.c.obj
                0x10004ff4                __wrap_vprintf
 .text.__wrap_printf
                0x10005034       0x18 CMakeFiles/main.dir/Users/Nina/pico/pico-sdk/src/rp2_common/pico_stdio/stdio.c.obj
                0x10005034                __wrap_printf
 .text._retrieve_unique_id_on_boot
                0x1000504c       0x10 CMakeFiles/main.dir/Users/Nina/pico/pico-sdk/src/rp2_common/pico_unique_id/unique_id.c.obj
 .text.flash_get_unique_id
                0x1000505c       0x46 CMakeFiles/main.dir/Users/Nina/pico/pico-sdk/src/rp2_common/hardware_flash/flash.c.obj
                0x1000505c                flash_get_unique_id
 .text.i2c_write_blocking_internal
                0x100050a2      0x146 CMakeFiles/main.dir/Users/Nina/pico/pico-sdk/src/rp2_common/hardware_i2c/i2c.c.obj
 .text.i2c_set_baudrate
                0x100051e8       0xf0 CMakeFiles/main.dir/Users/Nina/pico/pico-sdk/src/rp2_common/hardware_i2c/i2c.c.obj
                0x100051e8                i2c_set_baudrate
 .text.i2c_init
                0x100052d8       0x58 CMakeFiles/main.dir/Users/Nina/pico/pico-sdk/src/rp2_common/hardware_i2c/i2c.c.obj
                0x100052d8                i2c_init
 .text.i2c_write_blocking
                0x10005330       0x18 CMakeFiles/main.dir/Users/Nina/pico/pico-sdk/src/rp2_common/hardware_i2c/i2c.c.obj
                0x10005330                i2c_write_blocking
 .text.pio_get_default_sm_config
                0x10005348       0x28 CMakeFiles/main.dir/Users/Nina/pico/pico-sdk/src/rp2_common/hardware_pio/pio.c.obj
 .text._pio_can_add_program_at_offset
                0x10005370       0x3c CMakeFiles/main.dir/Users/Nina/pico/pico-sdk/src/rp2_common/hardware_pio/pio.c.obj
 .text._pio_find_offset_for_program
                0x100053ac       0x7c CMakeFiles/main.dir/Users/Nina/pico/pico-sdk/src/rp2_common/hardware_pio/pio.c.obj
 .text._pio_add_program_at_offset
                0x10005428       0x7c CMakeFiles/main.dir/Users/Nina/pico/pico-sdk/src/rp2_common/hardware_pio/pio.c.obj
 .text.pio_claim_unused_sm
                0x100054a4       0x3c CMakeFiles/main.dir/Users/Nina/pico/pico-sdk/src/rp2_common/hardware_pio/pio.c.obj
                0x100054a4                pio_claim_unused_sm
 .text.pio_can_add_program
                0x100054e0       0x26 CMakeFiles/main.dir/Users/Nina/pico/pico-sdk/src/rp2_common/hardware_pio/pio.c.obj
                0x100054e0                pio_can_add_program
 *fill*         0x10005506        0x2 
 .text.pio_add_program
                0x10005508       0x38 CMakeFiles/main.dir/Users/Nina/pico/pico-sdk/src/rp2_common/hardware_pio/pio.c.obj
                0x10005508                pio_add_program
 .text.pio_sm_set_consecutive_pindirs
                0x10005540       0xa4 CMakeFiles/main.dir/Users/Nina/pico/pico-sdk/src/rp2_common/hardware_pio/pio.c.obj
                0x10005540                pio_sm_set_consecutive_pindirs
 .text.pio_sm_init
                0x100055e4       0xb0 CMakeFiles/main.dir/Users/Nina/pico/pico-sdk/src/rp2_common/hardware_pio/pio.c.obj
                0x100055e4                pio_sm_init
 .text.malloc   0x10005694       0x14 /Applications/ArmGNUToolchain/12.3.rel1/arm-none-eabi/bin/../lib/gcc/arm-none-eabi/12.3.1/../../../../arm-none-eabi/lib/thumb/v6-m/nofp/libg.a(libc_a-malloc.o)
                0x10005694                malloc
 .text.free     0x100056a8       0x14 /Applications/ArmGNUToolchain/12.3.rel1/arm-none-eabi/bin/../lib/gcc/arm-none-eabi/12.3.1/../../../../arm-none-eabi/lib/thumb/v6-m/nofp/libg.a(libc_a-malloc.o)
                0x100056a8                free
 .text._malloc_r
                0x100056bc      0x5c4 /Applications/ArmGNUToolchain/12.3.rel1/arm-none-eabi/bin/../lib/gcc/arm-none-eabi/12.3.1/../../../../arm-none-eabi/lib/thumb/v6-m/nofp/libg.a(libc_a-mallocr.o)
                0x100056bc                _malloc_r
 .text.__malloc_lock
                0x10005c80       0x10 /Applications/ArmGNUToolchain/12.3.rel1/arm-none-eabi/bin/../lib/gcc/arm-none-eabi/12.3.1/../../../../arm-none-eabi/lib/thumb/v6-m/nofp/libg.a(libc_a-mlock.o)
                0x10005c80                __malloc_lock
 .text.__malloc_unlock
                0x10005c90       0x10 /Applications/ArmGNUToolchain/12.3.rel1/arm-none-eabi/bin/../lib/gcc/arm-none-eabi/12.3.1/../../../../arm-none-eabi/lib/thumb/v6-m/nofp/libg.a(libc_a-mlock.o)
                0x10005c90                __malloc_unlock
 .text._sbrk_r  0x10005ca0       0x24 /Applications/ArmGNUToolchain/12.3.rel1/arm-none-eabi/bin/../lib/gcc/arm-none-eabi/12.3.1/../../../../arm-none-eabi/lib/thumb/v6-m/nofp/libg.a(libc_a-sbrkr.o)
                0x10005ca0                _sbrk_r
 .text.__errno  0x10005cc4        0xc /Applications/ArmGNUToolchain/12.3.rel1/arm-none-eabi/bin/../lib/gcc/arm-none-eabi/12.3.1/../../../../arm-none-eabi/lib/thumb/v6-m/nofp/libg.a(libc_a-errno.o)
                0x10005cc4                __errno
 .text.sysconf  0x10005cd0       0x1c /Applications/ArmGNUToolchain/12.3.rel1/arm-none-eabi/bin/../lib/gcc/arm-none-eabi/12.3.1/../../../../arm-none-eabi/lib/thumb/v6-m/nofp/libg.a(libc_a-sysconf.o)
                0x10005cd0                sysconf
 .text.__retarget_lock_acquire_recursive
                0x10005cec        0x4 /Applications/ArmGNUToolchain/12.3.rel1/arm-none-eabi/bin/../lib/gcc/arm-none-eabi/12.3.1/../../../../arm-none-eabi/lib/thumb/v6-m/nofp/libg.a(libc_a-lock.o)
                0x10005cec                __retarget_lock_acquire_recursive
 .text.__retarget_lock_release_recursive
                0x10005cf0        0x4 /Applications/ArmGNUToolchain/12.3.rel1/arm-none-eabi/bin/../lib/gcc/arm-none-eabi/12.3.1/../../../../arm-none-eabi/lib/thumb/v6-m/nofp/libg.a(libc_a-lock.o)
                0x10005cf0                __retarget_lock_release_recursive
 .text.strlen   0x10005cf4       0x5c /Applications/ArmGNUToolchain/12.3.rel1/arm-none-eabi/bin/../lib/gcc/arm-none-eabi/12.3.1/../../../../arm-none-eabi/lib/thumb/v6-m/nofp/libg.a(libc_a-strlen-stub.o)
                0x10005cf4                strlen
 .text._malloc_trim_r
                0x10005d50       0xb4 /Applications/ArmGNUToolchain/12.3.rel1/arm-none-eabi/bin/../lib/gcc/arm-none-eabi/12.3.1/../../../../arm-none-eabi/lib/thumb/v6-m/nofp/libg.a(libc_a-freer.o)
                0x10005d50                _malloc_trim_r
 .text._free_r  0x10005e04      0x1d4 /Applications/ArmGNUToolchain/12.3.rel1/arm-none-eabi/bin/../lib/gcc/arm-none-eabi/12.3.1/../../../../arm-none-eabi/lib/thumb/v6-m/nofp/libg.a(libc_a-freer.o)
                0x10005e04                _free_r
 *(.fini)
 .fini          0x10005fd8        0x4 /Applications/ArmGNUToolchain/12.3.rel1/arm-none-eabi/bin/../lib/gcc/arm-none-eabi/12.3.1/thumb/v6-m/nofp/crti.o
                0x10005fd8                _fini
 *fill*         0x10005fdc        0x4 
 .fini.__stub   0x10005fe0       0x50 linker stubs
 *crtbegin.o(.ctors)
 *crtbegin?.o(.ctors)
 *(EXCLUDE_FILE(*crtend.o *crtend?.o) .ctors)
 *(SORT_BY_NAME(.ctors.*))
 *(.ctors)
 *crtbegin.o(.dtors)
 *crtbegin?.o(.dtors)
 *(EXCLUDE_FILE(*crtend.o *crtend?.o) .dtors)
 *(SORT_BY_NAME(.dtors.*))
 *(.dtors)
 *(.eh_frame*)
 .eh_frame      0x10006030        0x0 /Applications/ArmGNUToolchain/12.3.rel1/arm-none-eabi/bin/../lib/gcc/arm-none-eabi/12.3.1/thumb/v6-m/nofp/crtbegin.o
                0x10006030                        . = ALIGN (0x4)

.glue_7         0x10006030        0x0
 .glue_7        0x10006030        0x0 linker stubs

.glue_7t        0x10006030        0x0
 .glue_7t       0x10006030        0x0 linker stubs

.vfp11_veneer   0x10006030        0x0
 .vfp11_veneer  0x10006030        0x0 linker stubs

.v4_bx          0x10006030        0x0
 .v4_bx         0x10006030        0x0 linker stubs

.iplt           0x10006030        0x0
 .iplt          0x10006030        0x0 /Applications/ArmGNUToolchain/12.3.rel1/arm-none-eabi/bin/../lib/gcc/arm-none-eabi/12.3.1/thumb/v6-m/nofp/crtbegin.o

.rodata         0x10006030     0x1588
 *(EXCLUDE_FILE(*libm.a: *libc.a:*lib_a-mem*.o *libgcc.a:) .rodata*)
 .rodata.thirdfnc.str1.4
                0x10006030        0xe CMakeFiles/main.dir/main.c.obj
 *fill*         0x1000603e        0x2 
 .rodata.main.str1.4
                0x10006040       0x72 CMakeFiles/main.dir/main.c.obj
                                 0x7e (size before relaxing)
 *fill*         0x100060b2        0x2 
 .rodata.main   0x100060b4       0xc8 CMakeFiles/main.dir/main.c.obj
 .rodata.buttonTones
                0x1000617c       0x4c CMakeFiles/main.dir/main.c.obj
                0x1000617c                buttonTones
 .rodata.font   0x100061c8      0x128 CMakeFiles/main.dir/main.c.obj
 .rodata        0x100062f0      0x144 CMakeFiles/main.dir/main.c.obj
 .rodata.nec_receive_program
                0x10006434        0x6 CMakeFiles/main.dir/nec_receive.c.obj
 *fill*         0x1000643a        0x2 
 .rodata.nec_receive_program_instructions
                0x1000643c       0x12 CMakeFiles/main.dir/nec_receive.c.obj
 *fill*         0x1000644e        0x2 
 .rodata.resolve_branch.str1.4
                0x10006450       0x54 CMakeFiles/main.dir/Users/Nina/pico/pico-sdk/src/rp2_common/hardware_irq/irq.c.obj
 .rodata.make_branch.str1.4
                0x100064a4       0x30 CMakeFiles/main.dir/Users/Nina/pico/pico-sdk/src/rp2_common/hardware_irq/irq.c.obj
 .rodata.insert_branch_and_link.str1.4
                0x100064d4       0x10 CMakeFiles/main.dir/Users/Nina/pico/pico-sdk/src/rp2_common/hardware_irq/irq.c.obj
 .rodata.irq_set_exclusive_handler.str1.4
                0x100064e4       0x36 CMakeFiles/main.dir/Users/Nina/pico/pico-sdk/src/rp2_common/hardware_irq/irq.c.obj
 *fill*         0x1000651a        0x2 
 .rodata.irq_remove_handler.str1.4
                0x1000651c       0x3a CMakeFiles/main.dir/Users/Nina/pico/pico-sdk/src/rp2_common/hardware_irq/irq.c.obj
 *fill*         0x10006556        0x2 
 .rodata.irq_add_tail_to_free_list.str1.4
                0x10006558       0x3a CMakeFiles/main.dir/Users/Nina/pico/pico-sdk/src/rp2_common/hardware_irq/irq.c.obj
 *fill*         0x10006592        0x2 
 .rodata.__func__.0
                0x10006594       0x1a CMakeFiles/main.dir/Users/Nina/pico/pico-sdk/src/rp2_common/hardware_irq/irq.c.obj
 *fill*         0x100065ae        0x2 
 .rodata.__func__.1
                0x100065b0       0x17 CMakeFiles/main.dir/Users/Nina/pico/pico-sdk/src/rp2_common/hardware_irq/irq.c.obj
 *fill*         0x100065c7        0x1 
 .rodata.__func__.2
                0x100065c8       0x13 CMakeFiles/main.dir/Users/Nina/pico/pico-sdk/src/rp2_common/hardware_irq/irq.c.obj
 *fill*         0x100065db        0x1 
 .rodata.__func__.3
                0x100065dc        0xc CMakeFiles/main.dir/Users/Nina/pico/pico-sdk/src/rp2_common/hardware_irq/irq.c.obj
 .rodata.__func__.4
                0x100065e8        0xf CMakeFiles/main.dir/Users/Nina/pico/pico-sdk/src/rp2_common/hardware_irq/irq.c.obj
 *fill*         0x100065f7        0x1 
 .rodata.__func__.6
                0x100065f8       0x1a CMakeFiles/main.dir/Users/Nina/pico/pico-sdk/src/rp2_common/hardware_irq/irq.c.obj
 *fill*         0x10006612        0x2 
 .rodata.str1.4
                0x10006614       0x89 CMakeFiles/main.dir/Users/Nina/pico/pico-sdk/src/common/pico_sync/mutex.c.obj
 *fill*         0x1000669d        0x3 
 .rodata.__func__.1
                0x100066a0        0xb CMakeFiles/main.dir/Users/Nina/pico/pico-sdk/src/common/pico_sync/mutex.c.obj
 *fill*         0x100066ab        0x1 
 .rodata.__func__.3
                0x100066ac       0x18 CMakeFiles/main.dir/Users/Nina/pico/pico-sdk/src/common/pico_sync/mutex.c.obj
 .rodata.get_entry.str1.4
                0x100066c4       0x5a CMakeFiles/main.dir/Users/Nina/pico/pico-sdk/src/common/pico_time/time.c.obj
 *fill*         0x1000671e        0x2 
 .rodata.update_us_since_boot.str1.4
                0x10006720       0x60 CMakeFiles/main.dir/Users/Nina/pico/pico-sdk/src/common/pico_time/time.c.obj
 .rodata.ph_get_node.str1.4
                0x10006780       0x65 CMakeFiles/main.dir/Users/Nina/pico/pico-sdk/src/common/pico_time/time.c.obj
 *fill*         0x100067e5        0x3 
 .rodata.ph_add_child_node.str1.4
                0x100067e8       0x2e CMakeFiles/main.dir/Users/Nina/pico/pico-sdk/src/common/pico_time/time.c.obj
 *fill*         0x10006816        0x2 
 .rodata.ph_insert_node.str1.4
                0x10006818        0x3 CMakeFiles/main.dir/Users/Nina/pico/pico-sdk/src/common/pico_time/time.c.obj
 *fill*         0x1000681b        0x1 
 .rodata.ph_free_node.str1.4
                0x1000681c       0x38 CMakeFiles/main.dir/Users/Nina/pico/pico-sdk/src/common/pico_time/time.c.obj
 .rodata.add_alarm_under_lock.str1.4
                0x10006854       0x28 CMakeFiles/main.dir/Users/Nina/pico/pico-sdk/src/common/pico_time/time.c.obj
 .rodata.alarm_pool_alarm_callback.str1.4
                0x1000687c       0x60 CMakeFiles/main.dir/Users/Nina/pico/pico-sdk/src/common/pico_time/time.c.obj
 .rodata.alarm_pool_get_default.str1.4
                0x100068dc       0x21 CMakeFiles/main.dir/Users/Nina/pico/pico-sdk/src/common/pico_time/time.c.obj
 *fill*         0x100068fd        0x3 
 .rodata.alarm_pool_cancel_alarm.str1.4
                0x10006900       0x27 CMakeFiles/main.dir/Users/Nina/pico/pico-sdk/src/common/pico_time/time.c.obj
 *fill*         0x10006927        0x1 
 .rodata.sleep_until.str1.4
                0x10006928       0x4d CMakeFiles/main.dir/Users/Nina/pico/pico-sdk/src/common/pico_time/time.c.obj
 *fill*         0x10006975        0x3 
 .rodata.__func__.1
                0x10006978       0x18 CMakeFiles/main.dir/Users/Nina/pico/pico-sdk/src/common/pico_time/time.c.obj
 .rodata.__func__.3
                0x10006990       0x17 CMakeFiles/main.dir/Users/Nina/pico/pico-sdk/src/common/pico_time/time.c.obj
 *fill*         0x100069a7        0x1 
 .rodata.__func__.4
                0x100069a8       0x12 CMakeFiles/main.dir/Users/Nina/pico/pico-sdk/src/common/pico_time/time.c.obj
 *fill*         0x100069ba        0x2 
 .rodata.__func__.5
                0x100069bc        0xd CMakeFiles/main.dir/Users/Nina/pico/pico-sdk/src/common/pico_time/time.c.obj
 *fill*         0x100069c9        0x3 
 .rodata.__func__.6
                0x100069cc       0x12 CMakeFiles/main.dir/Users/Nina/pico/pico-sdk/src/common/pico_time/time.c.obj
 *fill*         0x100069de        0x2 
 .rodata.__func__.7
                0x100069e0        0xf CMakeFiles/main.dir/Users/Nina/pico/pico-sdk/src/common/pico_time/time.c.obj
 *fill*         0x100069ef        0x1 
 .rodata.__func__.8
                0x100069f0        0xc CMakeFiles/main.dir/Users/Nina/pico/pico-sdk/src/common/pico_time/time.c.obj
 .rodata.__func__.9
                0x100069fc       0x15 CMakeFiles/main.dir/Users/Nina/pico/pico-sdk/src/common/pico_time/time.c.obj
 *fill*         0x10006a11        0x3 
 .rodata.__func__.10
                0x10006a14       0x15 CMakeFiles/main.dir/Users/Nina/pico/pico-sdk/src/common/pico_time/time.c.obj
 *fill*         0x10006a29        0x3 
 .rodata.__func__.11
                0x10006a2c       0x1a CMakeFiles/main.dir/Users/Nina/pico/pico-sdk/src/common/pico_time/time.c.obj
 *fill*         0x10006a46        0x2 
 .rodata.__func__.12
                0x10006a48        0xa CMakeFiles/main.dir/Users/Nina/pico/pico-sdk/src/common/pico_time/time.c.obj
 *fill*         0x10006a52        0x2 
 .rodata.hardware_alarm_claim.str1.4
                0x10006a54       0x22 CMakeFiles/main.dir/Users/Nina/pico/pico-sdk/src/rp2_common/hardware_timer/timer.c.obj
 *fill*         0x10006a76        0x2 
 .rodata.hardware_alarm_set_target.str1.4
                0x10006a78       0x64 CMakeFiles/main.dir/Users/Nina/pico/pico-sdk/src/rp2_common/hardware_timer/timer.c.obj
 .rodata.__func__.0
                0x10006adc       0x1a CMakeFiles/main.dir/Users/Nina/pico/pico-sdk/src/rp2_common/hardware_timer/timer.c.obj
 .rodata.ph_get_node.str1.4
                0x10006af6       0x65 CMakeFiles/main.dir/Users/Nina/pico/pico-sdk/src/common/pico_util/pheap.c.obj
 .rodata.ph_add_child_node.str1.4
                0x10006af6       0x2e CMakeFiles/main.dir/Users/Nina/pico/pico-sdk/src/common/pico_util/pheap.c.obj
 *fill*         0x10006af6        0x2 
 .rodata.ph_remove_any_head.str1.4
                0x10006af8       0x8c CMakeFiles/main.dir/Users/Nina/pico/pico-sdk/src/common/pico_util/pheap.c.obj
                                 0xa0 (size before relaxing)
 .rodata.ph_remove_and_free_node.str1.4
                0x10006b84       0x1e CMakeFiles/main.dir/Users/Nina/pico/pico-sdk/src/common/pico_util/pheap.c.obj
                                 0x26 (size before relaxing)
 *fill*         0x10006ba2        0x2 
 .rodata.__func__.0
                0x10006ba4       0x18 CMakeFiles/main.dir/Users/Nina/pico/pico-sdk/src/common/pico_util/pheap.c.obj
 .rodata.__func__.1
                0x10006bbc       0x13 CMakeFiles/main.dir/Users/Nina/pico/pico-sdk/src/common/pico_util/pheap.c.obj
 *fill*         0x10006bcf        0x1 
 .rodata.__func__.2
                0x10006bd0       0x12 CMakeFiles/main.dir/Users/Nina/pico/pico-sdk/src/common/pico_util/pheap.c.obj
 *fill*         0x10006be2        0x2 
 .rodata.__func__.3
                0x10006be4        0xc CMakeFiles/main.dir/Users/Nina/pico/pico-sdk/src/common/pico_util/pheap.c.obj
 .rodata.clock_configure.str1.4
                0x10006bf0       0x56 CMakeFiles/main.dir/Users/Nina/pico/pico-sdk/src/rp2_common/hardware_clocks/clocks.c.obj
 *fill*         0x10006c46        0x2 
 .rodata.__func__.1
                0x10006c48       0x10 CMakeFiles/main.dir/Users/Nina/pico/pico-sdk/src/rp2_common/hardware_clocks/clocks.c.obj
 .rodata.pll_init.str1.4
                0x10006c58      0x120 CMakeFiles/main.dir/Users/Nina/pico/pico-sdk/src/rp2_common/hardware_pll/pll.c.obj
 .rodata.__func__.0
                0x10006d78        0x9 CMakeFiles/main.dir/Users/Nina/pico/pico-sdk/src/rp2_common/hardware_pll/pll.c.obj
 *fill*         0x10006d81        0x3 
 .rodata.__assert_func.str1.4
                0x10006d84       0x3f CMakeFiles/main.dir/Users/Nina/pico/pico-sdk/src/rp2_common/pico_runtime/runtime.c.obj
                                 0x43 (size before relaxing)
 *fill*         0x10006dc3        0x1 
 .rodata.runtime_init.str1.4
                0x10006dc4       0x60 CMakeFiles/main.dir/Users/Nina/pico/pico-sdk/src/rp2_common/pico_runtime/runtime.c.obj
 .rodata.panic.str1.4
                0x10006e24       0x12 CMakeFiles/main.dir/Users/Nina/pico/pico-sdk/src/rp2_common/pico_runtime/runtime.c.obj
 *fill*         0x10006e36        0x2 
 .rodata.__func__.2
                0x10006e38        0xd CMakeFiles/main.dir/Users/Nina/pico/pico-sdk/src/rp2_common/pico_runtime/runtime.c.obj
 *fill*         0x10006e45        0x3 
 .rodata._ftoa.str1.4
                0x10006e48       0x15 CMakeFiles/main.dir/Users/Nina/pico/pico-sdk/src/rp2_common/pico_printf/printf.c.obj
 *fill*         0x10006e5d        0x3 
 .rodata._vsnprintf
                0x10006e60      0x19c CMakeFiles/main.dir/Users/Nina/pico/pico-sdk/src/rp2_common/pico_printf/printf.c.obj
 *fill*         0x10006ffc        0x4 
 .rodata.pow10.0
                0x10007000       0x50 CMakeFiles/main.dir/Users/Nina/pico/pico-sdk/src/rp2_common/pico_printf/printf.c.obj
 .rodata.__aeabi_double_init.str1.4
                0x10007050       0x9b CMakeFiles/main.dir/Users/Nina/pico/pico-sdk/src/rp2_common/pico_double/double_init_rom.c.obj
 *fill*         0x100070eb        0x1 
 .rodata.__func__.0
                0x100070ec       0x14 CMakeFiles/main.dir/Users/Nina/pico/pico-sdk/src/rp2_common/pico_double/double_init_rom.c.obj
 .rodata.__aeabi_float_init.str1.4
                0x10007100       0x79 CMakeFiles/main.dir/Users/Nina/pico/pico-sdk/src/rp2_common/pico_float/float_init_rom.c.obj
                                 0x7d (size before relaxing)
 *fill*         0x10007179        0x3 
 .rodata.__func__.0
                0x1000717c       0x13 CMakeFiles/main.dir/Users/Nina/pico/pico-sdk/src/rp2_common/pico_float/float_init_rom.c.obj
 *fill*         0x1000718f        0x1 
 .rodata.check_alloc.str1.4
                0x10007190        0xe CMakeFiles/main.dir/Users/Nina/pico/pico-sdk/src/rp2_common/pico_malloc/pico_malloc.c.obj
 *fill*         0x1000719e        0x2 
 .rodata.str1.4
                0x100071a0       0x3c CMakeFiles/main.dir/Users/Nina/pico/pico-sdk/src/rp2_common/pico_standard_link/binary_info.c.obj
 .rodata.__bi_81
                0x100071dc        0xc CMakeFiles/main.dir/Users/Nina/pico/pico-sdk/src/rp2_common/pico_standard_link/binary_info.c.obj
 .rodata.__bi_75
                0x100071e8        0xc CMakeFiles/main.dir/Users/Nina/pico/pico-sdk/src/rp2_common/pico_standard_link/binary_info.c.obj
 .rodata.__bi_44
                0x100071f4        0xc CMakeFiles/main.dir/Users/Nina/pico/pico-sdk/src/rp2_common/pico_standard_link/binary_info.c.obj
 .rodata.update_us_since_boot.str1.4
                0x10007200       0x60 CMakeFiles/main.dir/Users/Nina/pico/pico-sdk/src/rp2_common/pico_stdio/stdio.c.obj
 .rodata.crlf_str.2
                0x10007200        0x2 CMakeFiles/main.dir/Users/Nina/pico/pico-sdk/src/rp2_common/pico_stdio/stdio.c.obj
 *fill*         0x10007202        0x2 
 .rodata.__func__.3
                0x10007204       0x15 CMakeFiles/main.dir/Users/Nina/pico/pico-sdk/src/rp2_common/pico_stdio/stdio.c.obj
 *fill*         0x10007219        0x3 
 .rodata.str1.4
                0x1000721c      0x156 CMakeFiles/main.dir/Users/Nina/pico/pico-sdk/src/rp2_common/hardware_flash/flash.c.obj
 *fill*         0x10007372        0x2 
 .rodata.__func__.0
                0x10007374        0xd CMakeFiles/main.dir/Users/Nina/pico/pico-sdk/src/rp2_common/hardware_flash/flash.c.obj
 *fill*         0x10007381        0x3 
 .rodata.i2c_set_baudrate.str1.4
                0x10007384       0x5c CMakeFiles/main.dir/Users/Nina/pico/pico-sdk/src/rp2_common/hardware_i2c/i2c.c.obj
 .rodata.__func__.0
                0x100073e0       0x11 CMakeFiles/main.dir/Users/Nina/pico/pico-sdk/src/rp2_common/hardware_i2c/i2c.c.obj
 *fill*         0x100073f1        0x3 
 .rodata._pio_find_offset_for_program.str1.4
                0x100073f4       0x68 CMakeFiles/main.dir/Users/Nina/pico/pico-sdk/src/rp2_common/hardware_pio/pio.c.obj
 .rodata._pio_add_program_at_offset.str1.4
                0x1000745c       0x11 CMakeFiles/main.dir/Users/Nina/pico/pico-sdk/src/rp2_common/hardware_pio/pio.c.obj
 *fill*         0x1000746d        0x3 
 .rodata.pio_claim_unused_sm.str1.4
                0x10007470       0x24 CMakeFiles/main.dir/Users/Nina/pico/pico-sdk/src/rp2_common/hardware_pio/pio.c.obj
 .rodata.__func__.1
                0x10007494       0x1d CMakeFiles/main.dir/Users/Nina/pico/pico-sdk/src/rp2_common/hardware_pio/pio.c.obj
 *fill*         0x100074b1        0x3 
 .rodata._ctype_
                0x100074b4      0x101 /Applications/ArmGNUToolchain/12.3.rel1/arm-none-eabi/bin/../lib/gcc/arm-none-eabi/12.3.1/../../../../arm-none-eabi/lib/thumb/v6-m/nofp/libg.a(libc_a-ctype_.o)
                0x100074b4                _ctype_
                0x100075b8                        . = ALIGN (0x4)
 *fill*         0x100075b5        0x3 
 *(SORT_BY_ALIGNMENT(SORT_BY_NAME(.flashdata*)))
                0x100075b8                        . = ALIGN (0x4)

.ARM.extab
 *(.ARM.extab* .gnu.linkonce.armextab.*)
                0x100075b8                        __exidx_start = .

.ARM.exidx
 *(.ARM.exidx* .gnu.linkonce.armexidx.*)
                0x100075b8                        __exidx_end = .
                0x100075b8                        . = ALIGN (0x4)
                0x100075b8                        __binary_info_start = .

.binary_info    0x100075b8       0x1c
 *(.binary_info.keep.*)
 .binary_info.keep.__bi_ptr81
                0x100075b8        0x4 CMakeFiles/main.dir/Users/Nina/pico/pico-sdk/src/rp2_common/pico_standard_link/binary_info.c.obj
 .binary_info.keep.__bi_ptr75
                0x100075bc        0x4 CMakeFiles/main.dir/Users/Nina/pico/pico-sdk/src/rp2_common/pico_standard_link/binary_info.c.obj
 .binary_info.keep.__bi_ptr50
                0x100075c0        0x4 CMakeFiles/main.dir/Users/Nina/pico/pico-sdk/src/rp2_common/pico_standard_link/binary_info.c.obj
 .binary_info.keep.__bi_ptr44
                0x100075c4        0x4 CMakeFiles/main.dir/Users/Nina/pico/pico-sdk/src/rp2_common/pico_standard_link/binary_info.c.obj
 .binary_info.keep.__bi_ptr38
                0x100075c8        0x4 CMakeFiles/main.dir/Users/Nina/pico/pico-sdk/src/rp2_common/pico_standard_link/binary_info.c.obj
 .binary_info.keep.__bi_ptr30
                0x100075cc        0x4 CMakeFiles/main.dir/Users/Nina/pico/pico-sdk/src/rp2_common/pico_standard_link/binary_info.c.obj
 .binary_info.keep.__bi_ptr22
                0x100075d0        0x4 CMakeFiles/main.dir/Users/Nina/pico/pico-sdk/src/rp2_common/pico_standard_link/binary_info.c.obj
 *(.binary_info.*)
                0x100075d4                        __binary_info_end = .

.rel.dyn        0x100075d4        0x0
 .rel.iplt      0x100075d4        0x0 /Applications/ArmGNUToolchain/12.3.rel1/arm-none-eabi/bin/../lib/gcc/arm-none-eabi/12.3.1/thumb/v6-m/nofp/crtbegin.o
                0x100075d4                        . = ALIGN (0x4)

.ram_vector_table
                0x20000000       0xc0
 *(.ram_vector_table)
 .ram_vector_table
                0x20000000       0xc0 CMakeFiles/main.dir/Users/Nina/pico/pico-sdk/src/rp2_common/pico_runtime/runtime.c.obj
                0x20000000                ram_vector_table

.data           0x200000c0      0x930 load address 0x100075d4
                0x200000c0                        __data_start__ = .
 *(vtable)
 *(.time_critical*)
 .time_critical.mutex_try_enter
                0x200000c0       0x46 CMakeFiles/main.dir/Users/Nina/pico/pico-sdk/src/common/pico_sync/mutex.c.obj
                0x200000c0                mutex_try_enter
 *fill*         0x20000106        0x2 
 .time_critical.mutex_enter_block_until
                0x20000108       0x8c CMakeFiles/main.dir/Users/Nina/pico/pico-sdk/src/common/pico_sync/mutex.c.obj
                0x20000108                mutex_enter_block_until
 .time_critical.mutex_try_enter_block_until
                0x20000194       0x34 CMakeFiles/main.dir/Users/Nina/pico/pico-sdk/src/common/pico_sync/mutex.c.obj
                0x20000194                mutex_try_enter_block_until
 .time_critical.mutex_exit
                0x200001c8       0x4c CMakeFiles/main.dir/Users/Nina/pico/pico-sdk/src/common/pico_sync/mutex.c.obj
                0x200001c8                mutex_exit
 .time_critical.flash_init_boot2_copyout
                0x20000214       0x30 CMakeFiles/main.dir/Users/Nina/pico/pico-sdk/src/rp2_common/hardware_flash/flash.c.obj
 .time_critical.flash_enable_xip_via_boot2
                0x20000244        0xc CMakeFiles/main.dir/Users/Nina/pico/pico-sdk/src/rp2_common/hardware_flash/flash.c.obj
 .time_critical.flash_cs_force
                0x20000250       0x28 CMakeFiles/main.dir/Users/Nina/pico/pico-sdk/src/rp2_common/hardware_flash/flash.c.obj
 .time_critical.flash_do_cmd
                0x20000278       0xd8 CMakeFiles/main.dir/Users/Nina/pico/pico-sdk/src/rp2_common/hardware_flash/flash.c.obj
                0x20000278                flash_do_cmd
 *(.text*)
 .text          0x20000350        0x4 /Applications/ArmGNUToolchain/12.3.rel1/arm-none-eabi/bin/../lib/gcc/arm-none-eabi/12.3.1/thumb/v6-m/nofp/libgcc.a(_dvmd_tls.o)
                0x20000350                __aeabi_ldiv0
                0x20000350                __aeabi_idiv0
 *fill*         0x20000354        0x4 
 .text.__stub   0x20000358       0x20 linker stubs
                0x20000378                        . = ALIGN (0x4)
 *(.rodata*)
                0x20000378                        . = ALIGN (0x4)
 *(.data*)
 .data.Step_Value
                0x20000378       0x80 CMakeFiles/main.dir/main.c.obj
                0x20000378                Step_Value
 .data.Round_Value
                0x200003f8        0x4 CMakeFiles/main.dir/main.c.obj
                0x200003f8                Round_Value
 .data.striped_spin_lock_num
                0x200003fc        0x1 CMakeFiles/main.dir/Users/Nina/pico/pico-sdk/src/rp2_common/hardware_sync/sync.c.obj
 *fill*         0x200003fd        0x3 
 .data          0x20000400       0x48 CMakeFiles/main.dir/Users/Nina/pico/pico-sdk/src/rp2_common/hardware_irq/irq_handler_chain.S.obj
                0x20000400                irq_handler_chain_slots
                0x20000430                irq_handler_chain_first_slot
                0x2000043a                irq_handler_chain_remove_tail
 .data.default_alarm_pool
                0x20000448       0x18 CMakeFiles/main.dir/Users/Nina/pico/pico-sdk/src/common/pico_time/time.c.obj
 .data.default_alarm_pool_heap
                0x20000460       0x10 CMakeFiles/main.dir/Users/Nina/pico/pico-sdk/src/common/pico_time/time.c.obj
 *fill*         0x20000470        0x0 
 .data.aeabi_bits_funcs
                0x20000470       0x10 CMakeFiles/main.dir/Users/Nina/pico/pico-sdk/src/rp2_common/pico_bit_ops/bit_ops_aeabi.S.obj
                0x20000470                aeabi_bits_funcs
                0x20000480                aeabi_bits_funcs_end
 .data.aeabi_mem_funcs
                0x20000480       0x10 CMakeFiles/main.dir/Users/Nina/pico/pico-sdk/src/rp2_common/pico_mem_ops/mem_ops_aeabi.S.obj
                0x20000480                aeabi_mem_funcs
                0x20000490                aeabi_mem_funcs_end
 .data.i2c0_inst
                0x20000490        0x8 CMakeFiles/main.dir/Users/Nina/pico/pico-sdk/src/rp2_common/hardware_i2c/i2c.c.obj
                0x20000490                i2c0_inst
 .data.__malloc_sbrk_base
                0x20000498        0x4 /Applications/ArmGNUToolchain/12.3.rel1/arm-none-eabi/bin/../lib/gcc/arm-none-eabi/12.3.1/../../../../arm-none-eabi/lib/thumb/v6-m/nofp/libg.a(libc_a-mallocr.o)
                0x20000498                __malloc_sbrk_base
 .data.__malloc_trim_threshold
                0x2000049c        0x4 /Applications/ArmGNUToolchain/12.3.rel1/arm-none-eabi/bin/../lib/gcc/arm-none-eabi/12.3.1/../../../../arm-none-eabi/lib/thumb/v6-m/nofp/libg.a(libc_a-mallocr.o)
                0x2000049c                __malloc_trim_threshold
 .data.__malloc_av_
                0x200004a0      0x408 /Applications/ArmGNUToolchain/12.3.rel1/arm-none-eabi/bin/../lib/gcc/arm-none-eabi/12.3.1/../../../../arm-none-eabi/lib/thumb/v6-m/nofp/libg.a(libc_a-mallocr.o)
                0x200004a0                __malloc_av_
 .data._impure_ptr
                0x200008a8        0x4 /Applications/ArmGNUToolchain/12.3.rel1/arm-none-eabi/bin/../lib/gcc/arm-none-eabi/12.3.1/../../../../arm-none-eabi/lib/thumb/v6-m/nofp/libg.a(libc_a-impure.o)
                0x200008a8                _impure_ptr
 *fill*         0x200008ac        0x4 
 .data._impure_data
                0x200008b0      0x120 /Applications/ArmGNUToolchain/12.3.rel1/arm-none-eabi/bin/../lib/gcc/arm-none-eabi/12.3.1/../../../../arm-none-eabi/lib/thumb/v6-m/nofp/libg.a(libc_a-impure.o)
                0x200008b0                _impure_data
                0x200009d0                        . = ALIGN (0x4)
 *(.after_data.*)
                0x200009d0                        . = ALIGN (0x4)
                0x200009d0                        PROVIDE (__mutex_array_start = .)
 *(SORT_BY_NAME(.mutex_array.*))
 *(.mutex_array)
 .mutex_array   0x200009d0        0x8 CMakeFiles/main.dir/Users/Nina/pico/pico-sdk/src/rp2_common/pico_stdio/stdio.c.obj
                0x200009d8                        PROVIDE (__mutex_array_end = .)
                0x200009d8                        . = ALIGN (0x4)
                0x200009d8                        PROVIDE (__preinit_array_start = .)
 *(SORT_BY_NAME(.preinit_array.*))
 .preinit_array.00001
                0x200009d8        0x4 CMakeFiles/main.dir/Users/Nina/pico/pico-sdk/src/rp2_common/pico_mem_ops/mem_ops_aeabi.S.obj
 .preinit_array.00010
                0x200009dc        0x4 CMakeFiles/main.dir/Users/Nina/pico/pico-sdk/src/rp2_common/pico_bit_ops/bit_ops_aeabi.S.obj
 .preinit_array.00020
                0x200009e0        0x4 CMakeFiles/main.dir/Users/Nina/pico/pico-sdk/src/rp2_common/pico_double/double_aeabi.S.obj
 .preinit_array.00020
                0x200009e4        0x4 CMakeFiles/main.dir/Users/Nina/pico/pico-sdk/src/rp2_common/pico_float/float_aeabi.S.obj
 *(.preinit_array)
                0x200009e8                        PROVIDE (__preinit_array_end = .)
                0x200009e8                        . = ALIGN (0x4)
                0x200009e8                        PROVIDE (__init_array_start = .)
 *(SORT_BY_NAME(.init_array.*))
 *(.init_array)
 .init_array    0x200009e8        0x4 /Applications/ArmGNUToolchain/12.3.rel1/arm-none-eabi/bin/../lib/gcc/arm-none-eabi/12.3.1/thumb/v6-m/nofp/crtbegin.o
 .init_array    0x200009ec        0x4 CMakeFiles/main.dir/Users/Nina/pico/pico-sdk/src/rp2_common/pico_unique_id/unique_id.c.obj
                0x200009f0                        PROVIDE (__init_array_end = .)
                0x200009f0                        . = ALIGN (0x4)
                [!provide]                        PROVIDE (__fini_array_start = .)
 *(SORT_BY_NAME(.fini_array.*))
 *(.fini_array)
                [!provide]                        PROVIDE (__fini_array_end = .)
 *(.jcr)
                0x200009f0                        . = ALIGN (0x4)
                0x200009f0                        __data_end__ = .
                0x100075d4                        __etext = LOADADDR (.data)

.tm_clone_table
                0x200009f0        0x0 load address 0x10007f04
 .tm_clone_table
                0x200009f0        0x0 /Applications/ArmGNUToolchain/12.3.rel1/arm-none-eabi/bin/../lib/gcc/arm-none-eabi/12.3.1/thumb/v6-m/nofp/crtbegin.o
 .tm_clone_table
                0x200009f0        0x0 /Applications/ArmGNUToolchain/12.3.rel1/arm-none-eabi/bin/../lib/gcc/arm-none-eabi/12.3.1/thumb/v6-m/nofp/crtend.o

.igot.plt       0x200009f0        0x0 load address 0x10007f04
 .igot.plt      0x200009f0        0x0 /Applications/ArmGNUToolchain/12.3.rel1/arm-none-eabi/bin/../lib/gcc/arm-none-eabi/12.3.1/thumb/v6-m/nofp/crtbegin.o

.uninitialized_data
                0x200009f0        0x0 load address 0x10007f04
                0x200009f0                        . = ALIGN (0x4)
 *(.uninitialized_data*)

.scratch_x      0x20040000        0x0 load address 0x10007f04
                0x20040000                        __scratch_x_start__ = .
 *(.scratch_x.*)
                0x20040000                        . = ALIGN (0x4)
                0x20040000                        __scratch_x_end__ = .
                0x10007f04                        __scratch_x_source__ = LOADADDR (.scratch_x)

.scratch_y      0x20041000        0x0 load address 0x10007f04
                0x20041000                        __scratch_y_start__ = .
 *(.scratch_y.*)
                0x20041000                        . = ALIGN (0x4)
                0x20041000                        __scratch_y_end__ = .
                0x10007f04                        __scratch_y_source__ = LOADADDR (.scratch_y)

.bss            0x200009f0      0x780
                0x200009f0                        . = ALIGN (0x4)
                0x200009f0                        __bss_start__ = .
 *(SORT_BY_ALIGNMENT(SORT_BY_NAME(.bss*)))
 .bss.default_alarm_pool_entries
                0x200009f0      0x100 CMakeFiles/main.dir/Users/Nina/pico/pico-sdk/src/common/pico_time/time.c.obj
 .bss.__lock___malloc_recursive_mutex
                0x20000af0        0x1 /Applications/ArmGNUToolchain/12.3.rel1/arm-none-eabi/bin/../lib/gcc/arm-none-eabi/12.3.1/../../../../arm-none-eabi/lib/thumb/v6-m/nofp/libg.a(libc_a-lock.o)
                0x20000af0                __lock___malloc_recursive_mutex
 *fill*         0x20000af1        0x3 
 .bss.__malloc_current_mallinfo
                0x20000af4       0x28 /Applications/ArmGNUToolchain/12.3.rel1/arm-none-eabi/bin/../lib/gcc/arm-none-eabi/12.3.1/../../../../arm-none-eabi/lib/thumb/v6-m/nofp/libg.a(libc_a-mallocr.o)
                0x20000af4                __malloc_current_mallinfo
 .bss.__malloc_max_sbrked_mem
                0x20000b1c        0x4 /Applications/ArmGNUToolchain/12.3.rel1/arm-none-eabi/bin/../lib/gcc/arm-none-eabi/12.3.1/../../../../arm-none-eabi/lib/thumb/v6-m/nofp/libg.a(libc_a-mallocr.o)
                0x20000b1c                __malloc_max_sbrked_mem
 .bss.__malloc_max_total_mem
                0x20000b20        0x4 /Applications/ArmGNUToolchain/12.3.rel1/arm-none-eabi/bin/../lib/gcc/arm-none-eabi/12.3.1/../../../../arm-none-eabi/lib/thumb/v6-m/nofp/libg.a(libc_a-mallocr.o)
                0x20000b20                __malloc_max_total_mem
 .bss.__malloc_top_pad
                0x20000b24        0x4 /Applications/ArmGNUToolchain/12.3.rel1/arm-none-eabi/bin/../lib/gcc/arm-none-eabi/12.3.1/../../../../arm-none-eabi/lib/thumb/v6-m/nofp/libg.a(libc_a-mallocr.o)
                0x20000b24                __malloc_top_pad
 .bss.__sf      0x20000b28      0x138 /Applications/ArmGNUToolchain/12.3.rel1/arm-none-eabi/bin/../lib/gcc/arm-none-eabi/12.3.1/../../../../arm-none-eabi/lib/thumb/v6-m/nofp/libg.a(libc_a-findfp.o)
                0x20000b28                __sf
 .bss._used_instruction_space
                0x20000c60        0x8 CMakeFiles/main.dir/Users/Nina/pico/pico-sdk/src/rp2_common/hardware_pio/pio.c.obj
 .bss.a.0       0x20000c68        0x4 CMakeFiles/main.dir/main.c.obj
 .bss.alarm_callbacks
                0x20000c6c       0x10 CMakeFiles/main.dir/Users/Nina/pico/pico-sdk/src/rp2_common/hardware_timer/timer.c.obj
 .bss.boot2_copyout
                0x20000c7c      0x100 CMakeFiles/main.dir/Users/Nina/pico/pico-sdk/src/rp2_common/hardware_flash/flash.c.obj
 .bss.configured_freq
                0x20000d7c       0x28 CMakeFiles/main.dir/Users/Nina/pico/pico-sdk/src/rp2_common/hardware_clocks/clocks.c.obj
 .bss.default_alarm_pool_entry_ids_high
                0x20000da4       0x10 CMakeFiles/main.dir/Users/Nina/pico/pico-sdk/src/common/pico_time/time.c.obj
 .bss.default_alarm_pool_heap_nodes
                0x20000db4       0x30 CMakeFiles/main.dir/Users/Nina/pico/pico-sdk/src/common/pico_time/time.c.obj
 .bss.drivers   0x20000de4        0x4 CMakeFiles/main.dir/Users/Nina/pico/pico-sdk/src/rp2_common/pico_stdio/stdio.c.obj
 .bss.errno     0x20000de8        0x4 /Applications/ArmGNUToolchain/12.3.rel1/arm-none-eabi/bin/../lib/gcc/arm-none-eabi/12.3.1/../../../../arm-none-eabi/lib/thumb/v6-m/nofp/libg.a(libc_a-reent.o)
                0x20000de8                errno
 .bss.filter    0x20000dec        0x4 CMakeFiles/main.dir/Users/Nina/pico/pico-sdk/src/rp2_common/pico_stdio/stdio.c.obj
 .bss.heap_end.1
                0x20000df0        0x4 CMakeFiles/main.dir/Users/Nina/pico/pico-sdk/src/rp2_common/pico_runtime/runtime.c.obj
 .bss.object.0  0x20000df4       0x18 /Applications/ArmGNUToolchain/12.3.rel1/arm-none-eabi/bin/../lib/gcc/arm-none-eabi/12.3.1/thumb/v6-m/nofp/crtbegin.o
 .bss.pools     0x20000e0c       0x10 CMakeFiles/main.dir/Users/Nina/pico/pico-sdk/src/common/pico_time/time.c.obj
 .bss.retrieved_id
                0x20000e1c        0x8 CMakeFiles/main.dir/Users/Nina/pico/pico-sdk/src/rp2_common/pico_unique_id/unique_id.c.obj
 .bss.reversed  0x20000e24      0x128 CMakeFiles/main.dir/main.c.obj
 .bss.sd_table  0x20000f4c      0x100 CMakeFiles/main.dir/Users/Nina/pico/pico-sdk/src/rp2_common/pico_double/double_init_rom.c.obj
                0x20000f4c                sd_table
 .bss.sf_clz_func
                0x2000104c        0x4 CMakeFiles/main.dir/Users/Nina/pico/pico-sdk/src/rp2_common/pico_double/double_init_rom.c.obj
                0x2000104c                sf_clz_func
 .bss.sf_table  0x20001050      0x100 CMakeFiles/main.dir/Users/Nina/pico/pico-sdk/src/rp2_common/pico_float/float_init_rom.c.obj
                0x20001050                sf_table
 .bss.sleep_notifier
                0x20001150        0x4 CMakeFiles/main.dir/Users/Nina/pico/pico-sdk/src/common/pico_time/time.c.obj
 .bss.target_hi
                0x20001154       0x10 CMakeFiles/main.dir/Users/Nina/pico/pico-sdk/src/rp2_common/hardware_timer/timer.c.obj
 .bss.CHANNEL   0x20001164        0x1 CMakeFiles/main.dir/main.c.obj
 .bss.CHANNEL_7
                0x20001165        0x1 CMakeFiles/main.dir/main.c.obj
 .bss.SLICE_NUM
                0x20001166        0x1 CMakeFiles/main.dir/main.c.obj
 .bss.SLICE_NUM_7
                0x20001167        0x1 CMakeFiles/main.dir/main.c.obj
 .bss.boot2_copyout_valid
                0x20001168        0x1 CMakeFiles/main.dir/Users/Nina/pico/pico-sdk/src/rp2_common/hardware_flash/flash.c.obj
 .bss.claimed   0x20001169        0x1 CMakeFiles/main.dir/Users/Nina/pico/pico-sdk/src/rp2_common/hardware_timer/timer.c.obj
 .bss.claimed   0x2000116a        0x1 CMakeFiles/main.dir/Users/Nina/pico/pico-sdk/src/rp2_common/hardware_pio/pio.c.obj
 .bss.irq_hander_chain_free_slot_head
                0x2000116b        0x1 CMakeFiles/main.dir/Users/Nina/pico/pico-sdk/src/rp2_common/hardware_irq/irq.c.obj
 .bss.timer_callbacks_pending
                0x2000116c        0x1 CMakeFiles/main.dir/Users/Nina/pico/pico-sdk/src/rp2_common/hardware_timer/timer.c.obj
 *(COMMON)
                0x20001170                        . = ALIGN (0x4)
 *fill*         0x2000116d        0x3 
                0x20001170                        __bss_end__ = .

.heap           0x20001170      0x800
                0x20001170                        __end__ = .
                0x20001170                        end = __end__
 *(.heap*)
 .heap          0x20001170      0x800 CMakeFiles/main.dir/Users/Nina/pico/pico-sdk/src/rp2_common/pico_standard_link/crt0.S.obj
                0x20001970                        __HeapLimit = .

.stack1_dummy
 *(.stack1*)

.stack_dummy    0x20041000      0x800
 *(.stack*)
 .stack         0x20041000      0x800 CMakeFiles/main.dir/Users/Nina/pico/pico-sdk/src/rp2_common/pico_standard_link/crt0.S.obj

.flash_end      0x10007f04        0x0
                0x10007f04                        PROVIDE (__flash_binary_end = .)
                0x20040000                        __StackLimit = (ORIGIN (RAM) + LENGTH (RAM))
                0x20041000                        __StackOneTop = (ORIGIN (SCRATCH_X) + LENGTH (SCRATCH_X))
                0x20042000                        __StackTop = (ORIGIN (SCRATCH_Y) + LENGTH (SCRATCH_Y))
                0x20041000                        __StackOneBottom = (__StackOneTop - SIZEOF (.stack1_dummy))
                0x20041800                        __StackBottom = (__StackTop - SIZEOF (.stack_dummy))
                0x20042000                        PROVIDE (__stack = __StackTop)
                0x00000001                        ASSERT ((__StackLimit >= __HeapLimit), region RAM overflowed)
                0x00000001                        ASSERT (((__binary_info_header_end - __logical_binary_start) <= 0x100), Binary info must be in first 256 bytes of the binary)
LOAD CMakeFiles/main.dir/main.c.obj
LOAD CMakeFiles/main.dir/nec_receive.c.obj
LOAD CMakeFiles/main.dir/Users/Nina/pico/pico-sdk/src/rp2_common/pico_stdlib/stdlib.c.obj
LOAD CMakeFiles/main.dir/Users/Nina/pico/pico-sdk/src/rp2_common/hardware_gpio/gpio.c.obj
LOAD CMakeFiles/main.dir/Users/Nina/pico/pico-sdk/src/rp2_common/pico_platform/platform.c.obj
LOAD CMakeFiles/main.dir/Users/Nina/pico/pico-sdk/src/rp2_common/hardware_claim/claim.c.obj
LOAD CMakeFiles/main.dir/Users/Nina/pico/pico-sdk/src/rp2_common/hardware_sync/sync.c.obj
LOAD CMakeFiles/main.dir/Users/Nina/pico/pico-sdk/src/rp2_common/hardware_irq/irq.c.obj
LOAD CMakeFiles/main.dir/Users/Nina/pico/pico-sdk/src/rp2_common/hardware_irq/irq_handler_chain.S.obj
LOAD CMakeFiles/main.dir/Users/Nina/pico/pico-sdk/src/common/pico_sync/sem.c.obj
LOAD CMakeFiles/main.dir/Users/Nina/pico/pico-sdk/src/common/pico_sync/lock_core.c.obj
LOAD CMakeFiles/main.dir/Users/Nina/pico/pico-sdk/src/common/pico_sync/mutex.c.obj
LOAD CMakeFiles/main.dir/Users/Nina/pico/pico-sdk/src/common/pico_sync/critical_section.c.obj
LOAD CMakeFiles/main.dir/Users/Nina/pico/pico-sdk/src/common/pico_time/time.c.obj
LOAD CMakeFiles/main.dir/Users/Nina/pico/pico-sdk/src/common/pico_time/timeout_helper.c.obj
LOAD CMakeFiles/main.dir/Users/Nina/pico/pico-sdk/src/rp2_common/hardware_timer/timer.c.obj
LOAD CMakeFiles/main.dir/Users/Nina/pico/pico-sdk/src/common/pico_util/datetime.c.obj
LOAD CMakeFiles/main.dir/Users/Nina/pico/pico-sdk/src/common/pico_util/pheap.c.obj
LOAD CMakeFiles/main.dir/Users/Nina/pico/pico-sdk/src/common/pico_util/queue.c.obj
LOAD CMakeFiles/main.dir/Users/Nina/pico/pico-sdk/src/rp2_common/hardware_uart/uart.c.obj
LOAD CMakeFiles/main.dir/Users/Nina/pico/pico-sdk/src/rp2_common/hardware_clocks/clocks.c.obj
LOAD CMakeFiles/main.dir/Users/Nina/pico/pico-sdk/src/rp2_common/hardware_pll/pll.c.obj
LOAD CMakeFiles/main.dir/Users/Nina/pico/pico-sdk/src/rp2_common/hardware_vreg/vreg.c.obj
LOAD CMakeFiles/main.dir/Users/Nina/pico/pico-sdk/src/rp2_common/hardware_watchdog/watchdog.c.obj
LOAD CMakeFiles/main.dir/Users/Nina/pico/pico-sdk/src/rp2_common/hardware_xosc/xosc.c.obj
LOAD CMakeFiles/main.dir/Users/Nina/pico/pico-sdk/src/rp2_common/hardware_divider/divider.S.obj
LOAD CMakeFiles/main.dir/Users/Nina/pico/pico-sdk/src/rp2_common/pico_runtime/runtime.c.obj
LOAD CMakeFiles/main.dir/Users/Nina/pico/pico-sdk/src/rp2_common/pico_printf/printf.c.obj
LOAD CMakeFiles/main.dir/Users/Nina/pico/pico-sdk/src/rp2_common/pico_bit_ops/bit_ops_aeabi.S.obj
LOAD CMakeFiles/main.dir/Users/Nina/pico/pico-sdk/src/rp2_common/pico_bootrom/bootrom.c.obj
LOAD CMakeFiles/main.dir/Users/Nina/pico/pico-sdk/src/rp2_common/pico_divider/divider.S.obj
LOAD CMakeFiles/main.dir/Users/Nina/pico/pico-sdk/src/rp2_common/pico_double/double_aeabi.S.obj
LOAD CMakeFiles/main.dir/Users/Nina/pico/pico-sdk/src/rp2_common/pico_double/double_init_rom.c.obj
LOAD CMakeFiles/main.dir/Users/Nina/pico/pico-sdk/src/rp2_common/pico_double/double_math.c.obj
LOAD CMakeFiles/main.dir/Users/Nina/pico/pico-sdk/src/rp2_common/pico_double/double_v1_rom_shim.S.obj
LOAD CMakeFiles/main.dir/Users/Nina/pico/pico-sdk/src/rp2_common/pico_int64_ops/pico_int64_ops_aeabi.S.obj
LOAD CMakeFiles/main.dir/Users/Nina/pico/pico-sdk/src/rp2_common/pico_float/float_aeabi.S.obj
LOAD CMakeFiles/main.dir/Users/Nina/pico/pico-sdk/src/rp2_common/pico_float/float_init_rom.c.obj
LOAD CMakeFiles/main.dir/Users/Nina/pico/pico-sdk/src/rp2_common/pico_float/float_math.c.obj
LOAD CMakeFiles/main.dir/Users/Nina/pico/pico-sdk/src/rp2_common/pico_float/float_v1_rom_shim.S.obj
LOAD CMakeFiles/main.dir/Users/Nina/pico/pico-sdk/src/rp2_common/pico_malloc/pico_malloc.c.obj
LOAD CMakeFiles/main.dir/Users/Nina/pico/pico-sdk/src/rp2_common/pico_mem_ops/mem_ops_aeabi.S.obj
LOAD CMakeFiles/main.dir/Users/Nina/pico/pico-sdk/src/rp2_common/pico_standard_link/crt0.S.obj
LOAD CMakeFiles/main.dir/Users/Nina/pico/pico-sdk/src/rp2_common/pico_standard_link/new_delete.cpp.obj
LOAD CMakeFiles/main.dir/Users/Nina/pico/pico-sdk/src/rp2_common/pico_standard_link/binary_info.c.obj
LOAD CMakeFiles/main.dir/Users/Nina/pico/pico-sdk/src/rp2_common/pico_stdio/stdio.c.obj
LOAD CMakeFiles/main.dir/Users/Nina/pico/pico-sdk/src/rp2_common/pico_stdio_usb/reset_interface.c.obj
LOAD CMakeFiles/main.dir/Users/Nina/pico/pico-sdk/src/rp2_common/pico_stdio_usb/stdio_usb.c.obj
LOAD CMakeFiles/main.dir/Users/Nina/pico/pico-sdk/src/rp2_common/pico_stdio_usb/stdio_usb_descriptors.c.obj
LOAD CMakeFiles/main.dir/Users/Nina/pico/pico-sdk/src/rp2_common/pico_unique_id/unique_id.c.obj
LOAD CMakeFiles/main.dir/Users/Nina/pico/pico-sdk/src/rp2_common/hardware_flash/flash.c.obj
LOAD CMakeFiles/main.dir/Users/Nina/pico/pico-sdk/lib/tinyusb/src/portable/raspberrypi/rp2040/dcd_rp2040.c.obj
LOAD CMakeFiles/main.dir/Users/Nina/pico/pico-sdk/lib/tinyusb/src/portable/raspberrypi/rp2040/rp2040_usb.c.obj
LOAD CMakeFiles/main.dir/Users/Nina/pico/pico-sdk/lib/tinyusb/src/device/usbd.c.obj
LOAD CMakeFiles/main.dir/Users/Nina/pico/pico-sdk/lib/tinyusb/src/device/usbd_control.c.obj
LOAD CMakeFiles/main.dir/Users/Nina/pico/pico-sdk/lib/tinyusb/src/class/audio/audio_device.c.obj
LOAD CMakeFiles/main.dir/Users/Nina/pico/pico-sdk/lib/tinyusb/src/class/cdc/cdc_device.c.obj
LOAD CMakeFiles/main.dir/Users/Nina/pico/pico-sdk/lib/tinyusb/src/class/dfu/dfu_device.c.obj
LOAD CMakeFiles/main.dir/Users/Nina/pico/pico-sdk/lib/tinyusb/src/class/dfu/dfu_rt_device.c.obj
LOAD CMakeFiles/main.dir/Users/Nina/pico/pico-sdk/lib/tinyusb/src/class/hid/hid_device.c.obj
LOAD CMakeFiles/main.dir/Users/Nina/pico/pico-sdk/lib/tinyusb/src/class/midi/midi_device.c.obj
LOAD CMakeFiles/main.dir/Users/Nina/pico/pico-sdk/lib/tinyusb/src/class/msc/msc_device.c.obj
LOAD CMakeFiles/main.dir/Users/Nina/pico/pico-sdk/lib/tinyusb/src/class/net/ecm_rndis_device.c.obj
LOAD CMakeFiles/main.dir/Users/Nina/pico/pico-sdk/lib/tinyusb/src/class/net/ncm_device.c.obj
LOAD CMakeFiles/main.dir/Users/Nina/pico/pico-sdk/lib/tinyusb/src/class/usbtmc/usbtmc_device.c.obj
LOAD CMakeFiles/main.dir/Users/Nina/pico/pico-sdk/lib/tinyusb/src/class/vendor/vendor_device.c.obj
LOAD CMakeFiles/main.dir/Users/Nina/pico/pico-sdk/lib/tinyusb/src/class/video/video_device.c.obj
LOAD CMakeFiles/main.dir/Users/Nina/pico/pico-sdk/lib/tinyusb/src/tusb.c.obj
LOAD CMakeFiles/main.dir/Users/Nina/pico/pico-sdk/lib/tinyusb/src/common/tusb_fifo.c.obj
LOAD CMakeFiles/main.dir/Users/Nina/pico/pico-sdk/src/rp2_common/pico_fix/rp2040_usb_device_enumeration/rp2040_usb_device_enumeration.c.obj
LOAD CMakeFiles/main.dir/Users/Nina/pico/pico-sdk/src/rp2_common/hardware_i2c/i2c.c.obj
LOAD CMakeFiles/main.dir/Users/Nina/pico/pico-sdk/src/rp2_common/hardware_pio/pio.c.obj
LOAD CMakeFiles/main.dir/Users/Nina/pico/pico-sdk/src/rp2_common/hardware_adc/adc.c.obj
LOAD /var/folders/4d/np5l_gk52g1gj0kk2fmsf50c0000gn/T//ccWCJq7H.o
LOAD /Applications/ArmGNUToolchain/12.3.rel1/arm-none-eabi/bin/../lib/gcc/arm-none-eabi/12.3.1/../../../../arm-none-eabi/lib/thumb/v6-m/nofp/libstdc++.a
LOAD /Applications/ArmGNUToolchain/12.3.rel1/arm-none-eabi/bin/../lib/gcc/arm-none-eabi/12.3.1/../../../../arm-none-eabi/lib/thumb/v6-m/nofp/libm.a
START GROUP
LOAD /Applications/ArmGNUToolchain/12.3.rel1/arm-none-eabi/bin/../lib/gcc/arm-none-eabi/12.3.1/thumb/v6-m/nofp/libgcc.a
LOAD /Applications/ArmGNUToolchain/12.3.rel1/arm-none-eabi/bin/../lib/gcc/arm-none-eabi/12.3.1/../../../../arm-none-eabi/lib/thumb/v6-m/nofp/libg.a
LOAD /Applications/ArmGNUToolchain/12.3.rel1/arm-none-eabi/bin/../lib/gcc/arm-none-eabi/12.3.1/../../../../arm-none-eabi/lib/thumb/v6-m/nofp/libc.a
END GROUP
START GROUP
LOAD /Applications/ArmGNUToolchain/12.3.rel1/arm-none-eabi/bin/../lib/gcc/arm-none-eabi/12.3.1/thumb/v6-m/nofp/libgcc.a
LOAD /Applications/ArmGNUToolchain/12.3.rel1/arm-none-eabi/bin/../lib/gcc/arm-none-eabi/12.3.1/../../../../arm-none-eabi/lib/thumb/v6-m/nofp/libc.a
LOAD /Applications/ArmGNUToolchain/12.3.rel1/arm-none-eabi/bin/../lib/gcc/arm-none-eabi/12.3.1/../../../../arm-none-eabi/lib/thumb/v6-m/nofp/libnosys.a
END GROUP
LOAD /Applications/ArmGNUToolchain/12.3.rel1/arm-none-eabi/bin/../lib/gcc/arm-none-eabi/12.3.1/thumb/v6-m/nofp/crtend.o
LOAD /Applications/ArmGNUToolchain/12.3.rel1/arm-none-eabi/bin/../lib/gcc/arm-none-eabi/12.3.1/thumb/v6-m/nofp/crtn.o
OUTPUT(main.elf elf32-littlearm)
LOAD linker stubs

.ARM.attributes
                0x00000000       0x28
 .ARM.attributes
                0x00000000       0x1e /Applications/ArmGNUToolchain/12.3.rel1/arm-none-eabi/bin/../lib/gcc/arm-none-eabi/12.3.1/thumb/v6-m/nofp/crti.o
 .ARM.attributes
                0x0000001e       0x2c /Applications/ArmGNUToolchain/12.3.rel1/arm-none-eabi/bin/../lib/gcc/arm-none-eabi/12.3.1/thumb/v6-m/nofp/crtbegin.o
 .ARM.attributes
                0x0000004a       0x2c CMakeFiles/main.dir/main.c.obj
 .ARM.attributes
                0x00000076       0x2c CMakeFiles/main.dir/nec_receive.c.obj
 .ARM.attributes
                0x000000a2       0x2c CMakeFiles/main.dir/Users/Nina/pico/pico-sdk/src/rp2_common/hardware_gpio/gpio.c.obj
 .ARM.attributes
                0x000000ce       0x2c CMakeFiles/main.dir/Users/Nina/pico/pico-sdk/src/rp2_common/pico_platform/platform.c.obj
 .ARM.attributes
                0x000000fa       0x2c CMakeFiles/main.dir/Users/Nina/pico/pico-sdk/src/rp2_common/hardware_claim/claim.c.obj
 .ARM.attributes
                0x00000126       0x2c CMakeFiles/main.dir/Users/Nina/pico/pico-sdk/src/rp2_common/hardware_sync/sync.c.obj
 .ARM.attributes
                0x00000152       0x2c CMakeFiles/main.dir/Users/Nina/pico/pico-sdk/src/rp2_common/hardware_irq/irq.c.obj
 .ARM.attributes
                0x0000017e       0x22 CMakeFiles/main.dir/Users/Nina/pico/pico-sdk/src/rp2_common/hardware_irq/irq_handler_chain.S.obj
 .ARM.attributes
                0x000001a0       0x2c CMakeFiles/main.dir/Users/Nina/pico/pico-sdk/src/common/pico_sync/lock_core.c.obj
 .ARM.attributes
                0x000001cc       0x2c CMakeFiles/main.dir/Users/Nina/pico/pico-sdk/src/common/pico_sync/mutex.c.obj
 .ARM.attributes
                0x000001f8       0x2c CMakeFiles/main.dir/Users/Nina/pico/pico-sdk/src/common/pico_time/time.c.obj
 .ARM.attributes
                0x00000224       0x2c CMakeFiles/main.dir/Users/Nina/pico/pico-sdk/src/rp2_common/hardware_timer/timer.c.obj
 .ARM.attributes
                0x00000250       0x2c CMakeFiles/main.dir/Users/Nina/pico/pico-sdk/src/common/pico_util/pheap.c.obj
 .ARM.attributes
                0x0000027c       0x2c CMakeFiles/main.dir/Users/Nina/pico/pico-sdk/src/rp2_common/hardware_clocks/clocks.c.obj
 .ARM.attributes
                0x000002a8       0x2c CMakeFiles/main.dir/Users/Nina/pico/pico-sdk/src/rp2_common/hardware_pll/pll.c.obj
 .ARM.attributes
                0x000002d4       0x2c CMakeFiles/main.dir/Users/Nina/pico/pico-sdk/src/rp2_common/hardware_watchdog/watchdog.c.obj
 .ARM.attributes
                0x00000300       0x2c CMakeFiles/main.dir/Users/Nina/pico/pico-sdk/src/rp2_common/hardware_xosc/xosc.c.obj
 .ARM.attributes
                0x0000032c       0x2c CMakeFiles/main.dir/Users/Nina/pico/pico-sdk/src/rp2_common/pico_runtime/runtime.c.obj
 .ARM.attributes
                0x00000358       0x2c CMakeFiles/main.dir/Users/Nina/pico/pico-sdk/src/rp2_common/pico_printf/printf.c.obj
 .ARM.attributes
                0x00000384       0x22 CMakeFiles/main.dir/Users/Nina/pico/pico-sdk/src/rp2_common/pico_bit_ops/bit_ops_aeabi.S.obj
 .ARM.attributes
                0x000003a6       0x2c CMakeFiles/main.dir/Users/Nina/pico/pico-sdk/src/rp2_common/pico_bootrom/bootrom.c.obj
 .ARM.attributes